[1/112] q01_quiet_long_tcpa / bare_qwen
  [skip] q01_quiet_long_tcpa__bare_qwen.json already exists (use --force to overwrite)
  composite=1.000 verdict=PASS (0.1s)
[2/112] q01_quiet_long_tcpa / v0_base
  [skip] q01_quiet_long_tcpa__v0_base.json already exists (use --force to overwrite)
  composite=1.000 verdict=PASS (0.1s)
[3/112] q01_quiet_long_tcpa / v1_rag
  [skip] q01_quiet_long_tcpa__v1_rag.json already exists (use --force to overwrite)
  composite=1.000 verdict=PASS (0.1s)
[4/112] q01_quiet_long_tcpa / v2_cot
  [skip] q01_quiet_long_tcpa__v2_cot.json already exists (use --force to overwrite)
  composite=1.000 verdict=PASS (0.1s)
[5/112] q01_quiet_long_tcpa / v3_rag_cot
  [skip] q01_quiet_long_tcpa__v3_rag_cot.json already exists (use --force to overwrite)
  composite=1.000 verdict=PASS (0.1s)
[6/112] q01_quiet_long_tcpa / v4_pg
  [skip] q01_quiet_long_tcpa__v4_pg.json already exists (use --force to overwrite)
  composite=1.000 verdict=PASS (0.1s)
[7/112] q01_quiet_long_tcpa / v5_pg_incident
  [skip] q01_quiet_long_tcpa__v5_pg_incident.json already exists (use --force to overwrite)
  composite=1.000 verdict=PASS (0.1s)
[8/112] q01_quiet_long_tcpa / v6_pg_scenario
  [skip] q01_quiet_long_tcpa__v6_pg_scenario.json already exists (use --force to overwrite)
  composite=1.000 verdict=PASS (0.1s)
[9/112] q02_quiet_wide_cpa / bare_qwen
  [skip] q02_quiet_wide_cpa__bare_qwen.json already exists (use --force to overwrite)
  composite=0.200 verdict=FAIL -- did not reach the goal (0.1s)
[10/112] q02_quiet_wide_cpa / v0_base
  [skip] q02_quiet_wide_cpa__v0_base.json already exists (use --force to overwrite)
  composite=1.000 verdict=PASS (0.0s)
[11/112] q02_quiet_wide_cpa / v1_rag
  [skip] q02_quiet_wide_cpa__v1_rag.json already exists (use --force to overwrite)
  composite=1.000 verdict=PASS (0.0s)
[12/112] q02_quiet_wide_cpa / v2_cot
  [skip] q02_quiet_wide_cpa__v2_cot.json already exists (use --force to overwrite)
  composite=1.000 verdict=PASS (0.0s)
[13/112] q02_quiet_wide_cpa / v3_rag_cot
  [skip] q02_quiet_wide_cpa__v3_rag_cot.json already exists (use --force to overwrite)
  composite=0.949 verdict=PASS (0.0s)
[14/112] q02_quiet_wide_cpa / v4_pg
  [skip] q02_quiet_wide_cpa__v4_pg.json already exists (use --force to overwrite)
  composite=1.000 verdict=PASS (0.0s)
[15/112] q02_quiet_wide_cpa / v5_pg_incident
  [skip] q02_quiet_wide_cpa__v5_pg_incident.json already exists (use --force to overwrite)
  composite=1.000 verdict=PASS (0.0s)
[16/112] q02_quiet_wide_cpa / v6_pg_scenario
  [skip] q02_quiet_wide_cpa__v6_pg_scenario.json already exists (use --force to overwrite)
  composite=1.000 verdict=PASS (0.0s)
[17/112] s01_head_on / bare_qwen
  [skip] s01_head_on__bare_qwen.json already exists (use --force to overwrite)
  composite=0.200 verdict=FAIL -- did not reach the goal (0.1s)
[18/112] s01_head_on / v0_base
  [skip] s01_head_on__v0_base.json already exists (use --force to overwrite)
  composite=0.000 verdict=FAIL -- collision occurred (0.0s)
[19/112] s01_head_on / v1_rag
  [skip] s01_head_on__v1_rag.json already exists (use --force to overwrite)
  composite=0.000 verdict=FAIL -- collision occurred (0.1s)
[20/112] s01_head_on / v2_cot
  [skip] s01_head_on__v2_cot.json already exists (use --force to overwrite)
  composite=0.812 verdict=PASS (0.1s)
[21/112] s01_head_on / v3_rag_cot
  [skip] s01_head_on__v3_rag_cot.json already exists (use --force to overwrite)
  composite=0.200 verdict=FAIL -- did not reach the goal (0.1s)
[22/112] s01_head_on / v4_pg
  [skip] s01_head_on__v4_pg.json already exists (use --force to overwrite)
  composite=0.000 verdict=FAIL -- collision occurred (0.0s)
[23/112] s01_head_on / v5_pg_incident
  [skip] s01_head_on__v5_pg_incident.json already exists (use --force to overwrite)
  composite=0.000 verdict=FAIL -- collision occurred (0.0s)
[24/112] s01_head_on / v6_pg_scenario
  [skip] s01_head_on__v6_pg_scenario.json already exists (use --force to overwrite)
  composite=0.000 verdict=FAIL -- collision occurred (0.0s)
[25/112] s02_crossing_stbd_fine / bare_qwen
  [skip] s02_crossing_stbd_fine__bare_qwen.json already exists (use --force to overwrite)
  composite=0.200 verdict=FAIL -- did not reach the goal (0.1s)
[26/112] s02_crossing_stbd_fine / v0_base
  [skip] s02_crossing_stbd_fine__v0_base.json already exists (use --force to overwrite)
  composite=0.000 verdict=FAIL -- collision occurred (0.0s)
[27/112] s02_crossing_stbd_fine / v1_rag
  [skip] s02_crossing_stbd_fine__v1_rag.json already exists (use --force to overwrite)
  composite=0.200 verdict=FAIL -- did not reach the goal (0.1s)
[28/112] s02_crossing_stbd_fine / v2_cot
  [skip] s02_crossing_stbd_fine__v2_cot.json already exists (use --force to overwrite)
  composite=0.942 verdict=PASS (0.0s)
[29/112] s02_crossing_stbd_fine / v3_rag_cot
  [skip] s02_crossing_stbd_fine__v3_rag_cot.json already exists (use --force to overwrite)
  composite=0.937 verdict=PASS (0.0s)
[30/112] s02_crossing_stbd_fine / v4_pg
  [skip] s02_crossing_stbd_fine__v4_pg.json already exists (use --force to overwrite)
  composite=0.000 verdict=FAIL -- collision occurred (0.0s)
[31/112] s02_crossing_stbd_fine / v5_pg_incident
  [skip] s02_crossing_stbd_fine__v5_pg_incident.json already exists (use --force to overwrite)
  composite=0.000 verdict=FAIL -- collision occurred (0.0s)
[32/112] s02_crossing_stbd_fine / v6_pg_scenario
  [skip] s02_crossing_stbd_fine__v6_pg_scenario.json already exists (use --force to overwrite)
  composite=0.000 verdict=FAIL -- collision occurred (0.0s)
[33/112] s03_crossing_stbd_broad / bare_qwen
  [skip] s03_crossing_stbd_broad__bare_qwen.json already exists (use --force to overwrite)
  composite=0.200 verdict=FAIL -- did not reach the goal (0.1s)
[34/112] s03_crossing_stbd_broad / v0_base
  [skip] s03_crossing_stbd_broad__v0_base.json already exists (use --force to overwrite)
  composite=0.000 verdict=FAIL -- collision occurred (0.0s)
[35/112] s03_crossing_stbd_broad / v1_rag
  [skip] s03_crossing_stbd_broad__v1_rag.json already exists (use --force to overwrite)
  composite=0.200 verdict=FAIL -- did not reach the goal (0.1s)
[36/112] s03_crossing_stbd_broad / v2_cot
  [skip] s03_crossing_stbd_broad__v2_cot.json already exists (use --force to overwrite)
  composite=0.839 verdict=PASS (0.1s)
[37/112] s03_crossing_stbd_broad / v3_rag_cot
  [skip] s03_crossing_stbd_broad__v3_rag_cot.json already exists (use --force to overwrite)
  composite=0.867 verdict=PASS (0.0s)
[38/112] s03_crossing_stbd_broad / v4_pg
  [skip] s03_crossing_stbd_broad__v4_pg.json already exists (use --force to overwrite)
  composite=0.000 verdict=FAIL -- collision occurred (0.0s)
[39/112] s03_crossing_stbd_broad / v5_pg_incident
  [skip] s03_crossing_stbd_broad__v5_pg_incident.json already exists (use --force to overwrite)
  composite=0.000 verdict=FAIL -- collision occurred (0.0s)
[40/112] s03_crossing_stbd_broad / v6_pg_scenario
  [skip] s03_crossing_stbd_broad__v6_pg_scenario.json already exists (use --force to overwrite)
  composite=0.000 verdict=FAIL -- collision occurred (0.0s)
[41/112] s04_crossing_stbd_abeam / bare_qwen
  [skip] s04_crossing_stbd_abeam__bare_qwen.json already exists (use --force to overwrite)
  composite=0.200 verdict=FAIL -- did not reach the goal (0.1s)
[42/112] s04_crossing_stbd_abeam / v0_base
  [skip] s04_crossing_stbd_abeam__v0_base.json already exists (use --force to overwrite)
  composite=0.000 verdict=FAIL -- collision occurred (0.0s)
[43/112] s04_crossing_stbd_abeam / v1_rag
  [skip] s04_crossing_stbd_abeam__v1_rag.json already exists (use --force to overwrite)
  composite=0.998 verdict=PASS (0.0s)
[44/112] s04_crossing_stbd_abeam / v2_cot
  [skip] s04_crossing_stbd_abeam__v2_cot.json already exists (use --force to overwrite)
  composite=0.892 verdict=PASS (0.0s)
[45/112] s04_crossing_stbd_abeam / v3_rag_cot
  [skip] s04_crossing_stbd_abeam__v3_rag_cot.json already exists (use --force to overwrite)
  composite=0.943 verdict=PASS (0.0s)
[46/112] s04_crossing_stbd_abeam / v4_pg
  [skip] s04_crossing_stbd_abeam__v4_pg.json already exists (use --force to overwrite)
  composite=0.000 verdict=FAIL -- collision occurred (0.0s)
[47/112] s04_crossing_stbd_abeam / v5_pg_incident
  [skip] s04_crossing_stbd_abeam__v5_pg_incident.json already exists (use --force to overwrite)
  composite=0.000 verdict=FAIL -- collision occurred (0.0s)
[48/112] s04_crossing_stbd_abeam / v6_pg_scenario
  [skip] s04_crossing_stbd_abeam__v6_pg_scenario.json already exists (use --force to overwrite)
  composite=0.000 verdict=FAIL -- collision occurred (0.0s)
[49/112] s05_crossing_port_broad / bare_qwen
  [skip] s05_crossing_port_broad__bare_qwen.json already exists (use --force to overwrite)
  composite=0.200 verdict=FAIL -- did not reach the goal (0.1s)
[50/112] s05_crossing_port_broad / v0_base
  [skip] s05_crossing_port_broad__v0_base.json already exists (use --force to overwrite)
  composite=0.000 verdict=FAIL -- collision occurred (0.0s)
[51/112] s05_crossing_port_broad / v1_rag
  [skip] s05_crossing_port_broad__v1_rag.json already exists (use --force to overwrite)
  composite=0.200 verdict=FAIL -- did not reach the goal (0.1s)
[52/112] s05_crossing_port_broad / v2_cot
  [skip] s05_crossing_port_broad__v2_cot.json already exists (use --force to overwrite)
  composite=0.906 verdict=PASS (0.0s)
[53/112] s05_crossing_port_broad / v3_rag_cot
  [skip] s05_crossing_port_broad__v3_rag_cot.json already exists (use --force to overwrite)
  composite=0.946 verdict=PASS (0.0s)
[54/112] s05_crossing_port_broad / v4_pg
  [skip] s05_crossing_port_broad__v4_pg.json already exists (use --force to overwrite)
  composite=0.000 verdict=FAIL -- collision occurred (0.0s)
[55/112] s05_crossing_port_broad / v5_pg_incident
  [skip] s05_crossing_port_broad__v5_pg_incident.json already exists (use --force to overwrite)
  composite=0.000 verdict=FAIL -- collision occurred (0.0s)
[56/112] s05_crossing_port_broad / v6_pg_scenario
  [skip] s05_crossing_port_broad__v6_pg_scenario.json already exists (use --force to overwrite)
  composite=0.000 verdict=FAIL -- collision occurred (0.0s)
[57/112] s06_crossing_port_fine / bare_qwen
  [skip] s06_crossing_port_fine__bare_qwen.json already exists (use --force to overwrite)
  composite=0.200 verdict=FAIL -- did not reach the goal (0.1s)
[58/112] s06_crossing_port_fine / v0_base
  [skip] s06_crossing_port_fine__v0_base.json already exists (use --force to overwrite)
  composite=0.000 verdict=FAIL -- collision occurred (0.0s)
[59/112] s06_crossing_port_fine / v1_rag
  [skip] s06_crossing_port_fine__v1_rag.json already exists (use --force to overwrite)
  composite=0.997 verdict=PASS (0.0s)
[60/112] s06_crossing_port_fine / v2_cot
  [skip] s06_crossing_port_fine__v2_cot.json already exists (use --force to overwrite)
  composite=0.911 verdict=PASS (0.0s)
[61/112] s06_crossing_port_fine / v3_rag_cot
  [skip] s06_crossing_port_fine__v3_rag_cot.json already exists (use --force to overwrite)
  composite=0.895 verdict=PASS (0.0s)
[62/112] s06_crossing_port_fine / v4_pg
  [skip] s06_crossing_port_fine__v4_pg.json already exists (use --force to overwrite)
  composite=0.000 verdict=FAIL -- collision occurred (0.0s)
[63/112] s06_crossing_port_fine / v5_pg_incident
  [skip] s06_crossing_port_fine__v5_pg_incident.json already exists (use --force to overwrite)
  composite=0.000 verdict=FAIL -- collision occurred (0.0s)
[64/112] s06_crossing_port_fine / v6_pg_scenario
  [skip] s06_crossing_port_fine__v6_pg_scenario.json already exists (use --force to overwrite)
  composite=0.000 verdict=FAIL -- collision occurred (0.0s)
[65/112] s07_overtaking_os_gives_way / bare_qwen
  [skip] s07_overtaking_os_gives_way__bare_qwen.json already exists (use --force to overwrite)
  composite=0.000 verdict=FAIL -- collision occurred (0.0s)
[66/112] s07_overtaking_os_gives_way / v0_base
  [skip] s07_overtaking_os_gives_way__v0_base.json already exists (use --force to overwrite)
  composite=0.000 verdict=FAIL -- collision occurred (0.0s)
[67/112] s07_overtaking_os_gives_way / v1_rag
  [skip] s07_overtaking_os_gives_way__v1_rag.json already exists (use --force to overwrite)
  composite=0.000 verdict=FAIL -- collision occurred (0.1s)
[68/112] s07_overtaking_os_gives_way / v2_cot
  [skip] s07_overtaking_os_gives_way__v2_cot.json already exists (use --force to overwrite)
  composite=0.000 verdict=FAIL -- collision occurred (0.0s)
[69/112] s07_overtaking_os_gives_way / v3_rag_cot
  [skip] s07_overtaking_os_gives_way__v3_rag_cot.json already exists (use --force to overwrite)
  composite=0.927 verdict=PASS (0.0s)
[70/112] s07_overtaking_os_gives_way / v4_pg
  [skip] s07_overtaking_os_gives_way__v4_pg.json already exists (use --force to overwrite)
  composite=0.000 verdict=FAIL -- collision occurred (0.0s)
[71/112] s07_overtaking_os_gives_way / v5_pg_incident
  [skip] s07_overtaking_os_gives_way__v5_pg_incident.json already exists (use --force to overwrite)
  composite=0.000 verdict=FAIL -- collision occurred (0.0s)
[72/112] s07_overtaking_os_gives_way / v6_pg_scenario
  [skip] s07_overtaking_os_gives_way__v6_pg_scenario.json already exists (use --force to overwrite)
  composite=0.000 verdict=FAIL -- collision occurred (0.0s)
[73/112] s08_overtaking_os_stands_on / bare_qwen
  [skip] s08_overtaking_os_stands_on__bare_qwen.json already exists (use --force to overwrite)
  composite=0.000 verdict=FAIL -- collision occurred (0.1s)
[74/112] s08_overtaking_os_stands_on / v0_base
  [skip] s08_overtaking_os_stands_on__v0_base.json already exists (use --force to overwrite)
  composite=0.000 verdict=FAIL -- collision occurred (0.0s)
[75/112] s08_overtaking_os_stands_on / v1_rag
  [skip] s08_overtaking_os_stands_on__v1_rag.json already exists (use --force to overwrite)
  composite=0.000 verdict=FAIL -- collision occurred (0.1s)
[76/112] s08_overtaking_os_stands_on / v2_cot
  [skip] s08_overtaking_os_stands_on__v2_cot.json already exists (use --force to overwrite)
  composite=0.883 verdict=PASS (0.0s)
[77/112] s08_overtaking_os_stands_on / v3_rag_cot
  [skip] s08_overtaking_os_stands_on__v3_rag_cot.json already exists (use --force to overwrite)
  composite=0.000 verdict=FAIL -- collision occurred (0.1s)
[78/112] s08_overtaking_os_stands_on / v4_pg
  [skip] s08_overtaking_os_stands_on__v4_pg.json already exists (use --force to overwrite)
  composite=0.000 verdict=FAIL -- collision occurred (0.0s)
[79/112] s08_overtaking_os_stands_on / v5_pg_incident
  [skip] s08_overtaking_os_stands_on__v5_pg_incident.json already exists (use --force to overwrite)
  composite=0.000 verdict=FAIL -- collision occurred (0.0s)
[80/112] s08_overtaking_os_stands_on / v6_pg_scenario
  [skip] s08_overtaking_os_stands_on__v6_pg_scenario.json already exists (use --force to overwrite)
  composite=0.000 verdict=FAIL -- collision occurred (0.0s)
[81/112] s09_double_crossing_squeeze / bare_qwen
  [skip] s09_double_crossing_squeeze__bare_qwen.json already exists (use --force to overwrite)
  composite=0.000 verdict=FAIL -- collision occurred (0.0s)
[82/112] s09_double_crossing_squeeze / v0_base
  [skip] s09_double_crossing_squeeze__v0_base.json already exists (use --force to overwrite)
  composite=0.000 verdict=FAIL -- collision occurred (0.0s)
[83/112] s09_double_crossing_squeeze / v1_rag
  [skip] s09_double_crossing_squeeze__v1_rag.json already exists (use --force to overwrite)
  composite=0.000 verdict=FAIL -- collision occurred (0.0s)
[84/112] s09_double_crossing_squeeze / v2_cot
  [skip] s09_double_crossing_squeeze__v2_cot.json already exists (use --force to overwrite)
  composite=0.854 verdict=PASS (0.1s)
[85/112] s09_double_crossing_squeeze / v3_rag_cot
  [skip] s09_double_crossing_squeeze__v3_rag_cot.json already exists (use --force to overwrite)
  composite=0.899 verdict=PASS (0.1s)
[86/112] s09_double_crossing_squeeze / v4_pg
  [skip] s09_double_crossing_squeeze__v4_pg.json already exists (use --force to overwrite)
  composite=0.000 verdict=FAIL -- collision occurred (0.0s)
[87/112] s09_double_crossing_squeeze / v5_pg_incident
  [skip] s09_double_crossing_squeeze__v5_pg_incident.json already exists (use --force to overwrite)
  composite=0.000 verdict=FAIL -- collision occurred (0.0s)
[88/112] s09_double_crossing_squeeze / v6_pg_scenario
  [skip] s09_double_crossing_squeeze__v6_pg_scenario.json already exists (use --force to overwrite)
  composite=0.000 verdict=FAIL -- collision occurred (0.0s)
[89/112] s10_headon_plus_crossing / bare_qwen
  [skip] s10_headon_plus_crossing__bare_qwen.json already exists (use --force to overwrite)
  composite=0.000 verdict=FAIL -- collision occurred (0.0s)
[90/112] s10_headon_plus_crossing / v0_base
  [skip] s10_headon_plus_crossing__v0_base.json already exists (use --force to overwrite)
  composite=0.000 verdict=FAIL -- collision occurred (0.0s)
[91/112] s10_headon_plus_crossing / v1_rag
  [skip] s10_headon_plus_crossing__v1_rag.json already exists (use --force to overwrite)
  composite=0.000 verdict=FAIL -- collision occurred (0.0s)
[92/112] s10_headon_plus_crossing / v2_cot
  [skip] s10_headon_plus_crossing__v2_cot.json already exists (use --force to overwrite)
  composite=0.949 verdict=PASS (0.1s)
[93/112] s10_headon_plus_crossing / v3_rag_cot
  [skip] s10_headon_plus_crossing__v3_rag_cot.json already exists (use --force to overwrite)
  composite=0.000 verdict=FAIL -- collision occurred (0.0s)
[94/112] s10_headon_plus_crossing / v4_pg
  [skip] s10_headon_plus_crossing__v4_pg.json already exists (use --force to overwrite)
  composite=0.000 verdict=FAIL -- collision occurred (0.0s)
[95/112] s10_headon_plus_crossing / v5_pg_incident
  [skip] s10_headon_plus_crossing__v5_pg_incident.json already exists (use --force to overwrite)
  composite=0.000 verdict=FAIL -- collision occurred (0.0s)
[96/112] s10_headon_plus_crossing / v6_pg_scenario
  [skip] s10_headon_plus_crossing__v6_pg_scenario.json already exists (use --force to overwrite)
  composite=0.000 verdict=FAIL -- collision occurred (0.0s)
[97/112] s11_overtake_plus_crossing / bare_qwen
  [skip] s11_overtake_plus_crossing__bare_qwen.json already exists (use --force to overwrite)
  composite=0.200 verdict=FAIL -- did not reach the goal (0.2s)
[98/112] s11_overtake_plus_crossing / v0_base
  [skip] s11_overtake_plus_crossing__v0_base.json already exists (use --force to overwrite)
  composite=0.000 verdict=FAIL -- collision occurred (0.0s)
[99/112] s11_overtake_plus_crossing / v1_rag
  [skip] s11_overtake_plus_crossing__v1_rag.json already exists (use --force to overwrite)
  composite=0.000 verdict=FAIL -- collision occurred (0.0s)
[100/112] s11_overtake_plus_crossing / v2_cot
  [skip] s11_overtake_plus_crossing__v2_cot.json already exists (use --force to overwrite)
  composite=0.937 verdict=PASS (0.1s)
[101/112] s11_overtake_plus_crossing / v3_rag_cot
    checkpoint 1 (step 0/200): slow_down -- 41.1s
    checkpoint 2 (step 10/200): speed_up -- 30.4s
    checkpoint 3 (step 20/200): turn_right -- 45.2s
    checkpoint 4 (step 30/200): hold_course -- 672.7s
    checkpoint 5 (step 40/200): turn_left -- 35.7s
    checkpoint 6 (step 50/200): hold_course -- 47.4s
    checkpoint 7 (step 60/200): hold_course -- 50.4s
    checkpoint 8 (step 70/200): hold_course -- 64.6s
    checkpoint 9 (step 80/200): hold_course -- 77.4s
    checkpoint 10 (step 90/200): hold_course -- 62.7s
    checkpoint 11 (step 100/200): hold_course -- 97.1s
  [done] s11_overtake_plus_crossing__v3_rag_cot.json  outcome=reached_goal  steps=105  checkpoints=11
  composite=0.934 verdict=PASS (1225.1s)
[102/112] s11_overtake_plus_crossing / v4_pg
    checkpoint 1 (step 0/200): slow_down -- 27.8s
    checkpoint 2 (step 10/200): speed_up -- 16.0s
    checkpoint 3 (step 20/200): hold_course -- 11.4s
    checkpoint 4 (step 30/200): hold_course -- 10.8s
    checkpoint 5 (step 40/200): hold_course -- 9.0s
    checkpoint 6 (step 50/200): hold_course -- 13.3s
  [done] s11_overtake_plus_crossing__v4_pg.json  outcome=collision  steps=60  checkpoints=6
  composite=0.000 verdict=FAIL -- collision occurred (88.6s)
[103/112] s11_overtake_plus_crossing / v5_pg_incident
    checkpoint 1 (step 0/200): hold_course -- 9.0s
    checkpoint 2 (step 10/200): hold_course -- 9.1s
    checkpoint 3 (step 20/200): hold_course -- 12.2s
    checkpoint 4 (step 30/200): hold_course -- 11.8s
    checkpoint 5 (step 40/200): hold_course -- 10.7s
  [done] s11_overtake_plus_crossing__v5_pg_incident.json  outcome=collision  steps=41  checkpoints=5
  composite=0.000 verdict=FAIL -- collision occurred (52.9s)
[104/112] s11_overtake_plus_crossing / v6_pg_scenario
    checkpoint 1 (step 0/200): hold_course -- 9.9s
    checkpoint 2 (step 10/200): hold_course -- 10.3s
    checkpoint 3 (step 20/200): hold_course -- 13.4s
    checkpoint 4 (step 30/200): hold_course -- 14.6s
    checkpoint 5 (step 40/200): hold_course -- 15.2s
  [done] s11_overtake_plus_crossing__v6_pg_scenario.json  outcome=collision  steps=41  checkpoints=5
  composite=0.000 verdict=FAIL -- collision occurred (63.5s)
[105/112] s12_converging_cluster / bare_qwen
    checkpoint 1 (step 0/200): slow_down -- 10.8s
    checkpoint 2 (step 10/200): slow_down -- 9.5s
    checkpoint 3 (step 20/200): speed_up -- 7.6s
    checkpoint 4 (step 30/200): slow_down -- 13.5s
    checkpoint 5 (step 40/200): speed_up -- 13.2s
  [done] s12_converging_cluster__bare_qwen.json  outcome=collision  steps=41  checkpoints=5
  composite=0.000 verdict=FAIL -- collision occurred (54.7s)
[106/112] s12_converging_cluster / v0_base
    checkpoint 1 (step 0/200): hold_course -- 14.7s
    checkpoint 2 (step 10/200): speed_up -- 12.6s
    checkpoint 3 (step 20/200): speed_up -- 8.2s
    checkpoint 4 (step 30/200): speed_up -- 11.4s
    checkpoint 5 (step 40/200): speed_up -- 10.4s
  [done] s12_converging_cluster__v0_base.json  outcome=reached_goal  steps=42  checkpoints=5
  composite=0.000 verdict=FAIL -- collision occurred (57.4s)
[107/112] s12_converging_cluster / v1_rag
    checkpoint 1 (step 0/200): speed_up -- 15.4s
    checkpoint 2 (step 10/200): speed_up -- 9.9s
  [done] s12_converging_cluster__v1_rag.json  outcome=collision  steps=16  checkpoints=2
  composite=0.000 verdict=FAIL -- collision occurred (25.4s)
[108/112] s12_converging_cluster / v2_cot
    checkpoint 1 (step 0/200): hold_course -- 249.5s
    checkpoint 2 (step 10/200): hold_course -- 334.8s
    checkpoint 3 (step 20/200): hold_course -- 319.9s
  [done] s12_converging_cluster__v2_cot.json  outcome=collision  steps=25  checkpoints=3
  composite=0.000 verdict=FAIL -- collision occurred (904.3s)
[109/112] s12_converging_cluster / v3_rag_cot
    checkpoint 1 (step 0/200): hold_course -- 256.9s
    checkpoint 2 (step 10/200): hold_course -- 223.8s
    checkpoint 3 (step 20/200): turn_right -- 177.1s
    checkpoint 4 (step 30/200): hold_course -- 1844.9s
    checkpoint 5 (step 40/200): hold_course -- 1285.4s
    checkpoint 6 (step 50/200): turn_left -- 38.1s
    checkpoint 7 (step 60/200): hold_course -- 59.0s
    checkpoint 8 (step 70/200): hold_course -- 44.6s
    checkpoint 9 (step 80/200): hold_course -- 29.9s
    checkpoint 10 (step 90/200): hold_course -- 54.6s
  [done] s12_converging_cluster__v3_rag_cot.json  outcome=reached_goal  steps=96  checkpoints=10
  composite=0.949 verdict=PASS (4014.5s)
[110/112] s12_converging_cluster / v4_pg
    checkpoint 1 (step 0/200): slow_down -- 22.6s
    checkpoint 2 (step 10/200): speed_up -- 14.6s
    checkpoint 3 (step 20/200): slow_down -- 14.7s
    checkpoint 4 (step 30/200): speed_up -- 13.7s
    checkpoint 5 (step 40/200): slow_down -- 25.3s
    checkpoint 6 (step 50/200): speed_up -- 15.0s
    checkpoint 7 (step 60/200): slow_down -- 18.7s
    checkpoint 8 (step 70/200): speed_up -- 12.4s
    checkpoint 9 (step 80/200): hold_course -- 13.9s
    checkpoint 10 (step 90/200): hold_course -- 16.2s
    checkpoint 11 (step 100/200): hold_course -- 15.3s
    checkpoint 12 (step 110/200): hold_course -- 16.3s
    checkpoint 13 (step 120/200): hold_course -- 16.9s
  [done] s12_converging_cluster__v4_pg.json  outcome=reached_goal  steps=127  checkpoints=13
  composite=0.000 verdict=FAIL -- collision occurred (215.9s)
[111/112] s12_converging_cluster / v5_pg_incident
    checkpoint 1 (step 0/200): hold_course -- 14.2s
    checkpoint 2 (step 10/200): speed_up -- 13.2s
    checkpoint 3 (step 20/200): speed_up -- 10.4s
    checkpoint 4 (step 30/200): speed_up -- 10.6s
    checkpoint 5 (step 40/200): speed_up -- 11.7s
  [done] s12_converging_cluster__v5_pg_incident.json  outcome=reached_goal  steps=42  checkpoints=5
  composite=0.000 verdict=FAIL -- collision occurred (60.2s)
[112/112] s12_converging_cluster / v6_pg_scenario
    checkpoint 1 (step 0/200): hold_course -- 17.5s
    checkpoint 2 (step 10/200): speed_up -- 16.7s
    checkpoint 3 (step 20/200): speed_up -- 9.5s
    checkpoint 4 (step 30/200): speed_up -- 13.3s
    checkpoint 5 (step 40/200): speed_up -- 12.6s
  [done] s12_converging_cluster__v6_pg_scenario.json  outcome=reached_goal  steps=42  checkpoints=5
  composite=0.000 verdict=FAIL -- collision occurred (69.7s)

Saved incrementally to: C:\Users\jcsch\Documents\Python\Auto Pilot\Basic Simulator\Data\missions\_llm_runs\_sweep_summary.json

=== Best config per mission (all data on disk) ===
  q01_quiet_long_tcpa                 best=bare_qwen        tag=default    composite=1.000 verdict=PASS
  q02_quiet_wide_cpa                  best=v0_base          tag=default    composite=1.000 verdict=PASS
  s01_head_on                         best=v2_cot           tag=default    composite=0.812 verdict=PASS
  s02_crossing_stbd_fine              best=v2_cot           tag=default    composite=0.942 verdict=PASS
  s03_crossing_stbd_broad             best=v3_rag_cot       tag=default    composite=0.867 verdict=PASS
  s04_crossing_stbd_abeam             best=v1_rag           tag=default    composite=0.998 verdict=PASS
  s05_crossing_port_broad             best=v3_rag_cot       tag=default    composite=0.946 verdict=PASS
  s06_crossing_port_fine              best=v1_rag           tag=default    composite=0.997 verdict=PASS
  s07_overtaking_os_gives_way         best=v3_rag_cot       tag=default    composite=0.927 verdict=PASS
  s08_overtaking_os_stands_on         best=v2_cot           tag=default    composite=0.883 verdict=PASS
  s09_double_crossing_squeeze         best=v3_rag_cot       tag=default    composite=0.899 verdict=PASS
  s10_headon_plus_crossing            best=v2_cot           tag=default    composite=0.949 verdict=PASS
  s11_overtake_plus_crossing          best=v2_cot           tag=default    composite=0.937 verdict=PASS
  s12_converging_cluster              best=v3_rag_cot       tag=default    composite=0.949 verdict=PASS
