[1/112] q01_quiet_long_tcpa / bare_qwen
    checkpoint 1 (step 0/200): hold_course -- 21.4s
    checkpoint 2 (step 10/200): hold_course -- 4.6s
    checkpoint 3 (step 20/200): hold_course -- 4.3s
    checkpoint 4 (step 30/200): hold_course -- 4.9s
    checkpoint 5 (step 40/200): hold_course -- 4.4s
    checkpoint 6 (step 50/200): hold_course -- 3.9s
    checkpoint 7 (step 60/200): hold_course -- 3.9s
    checkpoint 8 (step 70/200): hold_course -- 4.4s
    checkpoint 9 (step 80/200): hold_course -- 4.0s
    checkpoint 10 (step 90/200): hold_course -- 4.4s
    checkpoint 11 (step 100/200): hold_course -- 4.2s
    checkpoint 12 (step 110/200): hold_course -- 4.8s
    checkpoint 13 (step 120/200): hold_course -- 4.0s
    checkpoint 14 (step 130/200): hold_course -- 4.3s
    checkpoint 15 (step 140/200): hold_course -- 4.4s
    checkpoint 16 (step 150/200): hold_course -- 4.1s
  [done] q01_quiet_long_tcpa__bare_qwen.json  outcome=reached_goal  steps=159  checkpoints=16
  composite=1.000 verdict=PASS (86.2s)
[2/112] q01_quiet_long_tcpa / v0_base
    checkpoint 1 (step 0/200): hold_course -- 15.8s
    checkpoint 2 (step 10/200): hold_course -- 12.6s
    checkpoint 3 (step 20/200): hold_course -- 10.4s
    checkpoint 4 (step 30/200): hold_course -- 11.0s
    checkpoint 5 (step 40/200): hold_course -- 10.8s
    checkpoint 6 (step 50/200): hold_course -- 10.3s
    checkpoint 7 (step 60/200): hold_course -- 11.4s
    checkpoint 8 (step 70/200): hold_course -- 11.4s
    checkpoint 9 (step 80/200): hold_course -- 12.1s
    checkpoint 10 (step 90/200): hold_course -- 10.9s
    checkpoint 11 (step 100/200): hold_course -- 9.8s
    checkpoint 12 (step 110/200): hold_course -- 11.5s
    checkpoint 13 (step 120/200): hold_course -- 12.9s
    checkpoint 14 (step 130/200): hold_course -- 13.2s
    checkpoint 15 (step 140/200): hold_course -- 12.0s
    checkpoint 16 (step 150/200): hold_course -- 10.8s
  [done] q01_quiet_long_tcpa__v0_base.json  outcome=reached_goal  steps=159  checkpoints=16
  composite=1.000 verdict=PASS (187.1s)
[3/112] q01_quiet_long_tcpa / v1_rag
    checkpoint 1 (step 0/200): hold_course -- 15.4s
    checkpoint 2 (step 10/200): hold_course -- 13.2s
    checkpoint 3 (step 20/200): hold_course -- 15.1s
    checkpoint 4 (step 30/200): hold_course -- 12.1s
    checkpoint 5 (step 40/200): hold_course -- 14.5s
    checkpoint 6 (step 50/200): hold_course -- 12.9s
    checkpoint 7 (step 60/200): hold_course -- 13.3s
    checkpoint 8 (step 70/200): hold_course -- 17.9s
    checkpoint 9 (step 80/200): hold_course -- 15.0s
    checkpoint 10 (step 90/200): hold_course -- 16.7s
    checkpoint 11 (step 100/200): hold_course -- 15.8s
    checkpoint 12 (step 110/200): hold_course -- 14.4s
    checkpoint 13 (step 120/200): hold_course -- 10.6s
    checkpoint 14 (step 130/200): hold_course -- 14.0s
    checkpoint 15 (step 140/200): hold_course -- 11.9s
    checkpoint 16 (step 150/200): hold_course -- 12.0s
  [done] q01_quiet_long_tcpa__v1_rag.json  outcome=reached_goal  steps=159  checkpoints=16
  composite=1.000 verdict=PASS (225.1s)
[4/112] q01_quiet_long_tcpa / v2_cot
    checkpoint 1 (step 0/200): hold_course -- 27.1s
    checkpoint 2 (step 10/200): hold_course -- 27.0s
    checkpoint 3 (step 20/200): hold_course -- 31.3s
    checkpoint 4 (step 30/200): hold_course -- 28.4s
    checkpoint 5 (step 40/200): hold_course -- 30.8s
    checkpoint 6 (step 50/200): hold_course -- 40.6s
    checkpoint 7 (step 60/200): hold_course -- 36.2s
    checkpoint 8 (step 70/200): hold_course -- 33.1s
    checkpoint 9 (step 80/200): hold_course -- 58.1s
    checkpoint 10 (step 90/200): hold_course -- 30.8s
    checkpoint 11 (step 100/200): hold_course -- 32.7s
    checkpoint 12 (step 110/200): hold_course -- 43.3s
    checkpoint 13 (step 120/200): hold_course -- 26.3s
    checkpoint 14 (step 130/200): hold_course -- 31.7s
    checkpoint 15 (step 140/200): hold_course -- 33.2s
    checkpoint 16 (step 150/200): hold_course -- 26.4s
  [done] q01_quiet_long_tcpa__v2_cot.json  outcome=reached_goal  steps=159  checkpoints=16
  composite=1.000 verdict=PASS (537.3s)
[5/112] q01_quiet_long_tcpa / v3_rag_cot
    checkpoint 1 (step 0/200): hold_course -- 33.4s
    checkpoint 2 (step 10/200): hold_course -- 52.4s
    checkpoint 3 (step 20/200): hold_course -- 44.0s
    checkpoint 4 (step 30/200): hold_course -- 36.0s
    checkpoint 5 (step 40/200): hold_course -- 47.4s
    checkpoint 6 (step 50/200): hold_course -- 46.7s
    checkpoint 7 (step 60/200): hold_course -- 46.7s
    checkpoint 8 (step 70/200): hold_course -- 67.5s
    checkpoint 9 (step 80/200): hold_course -- 46.0s
    checkpoint 10 (step 90/200): hold_course -- 41.7s
    checkpoint 11 (step 100/200): hold_course -- 47.3s
    checkpoint 12 (step 110/200): hold_course -- 34.6s
    checkpoint 13 (step 120/200): hold_course -- 38.9s
    checkpoint 14 (step 130/200): hold_course -- 24.8s
    checkpoint 15 (step 140/200): hold_course -- 42.6s
    checkpoint 16 (step 150/200): hold_course -- 41.0s
  [done] q01_quiet_long_tcpa__v3_rag_cot.json  outcome=reached_goal  steps=159  checkpoints=16
  composite=1.000 verdict=PASS (691.6s)
[6/112] q01_quiet_long_tcpa / v4_pg
    checkpoint 1 (step 0/200): hold_course -- 8.6s
    checkpoint 2 (step 10/200): hold_course -- 9.3s
    checkpoint 3 (step 20/200): hold_course -- 9.3s
    checkpoint 4 (step 30/200): hold_course -- 8.4s
    checkpoint 5 (step 40/200): hold_course -- 8.3s
    checkpoint 6 (step 50/200): hold_course -- 7.9s
    checkpoint 7 (step 60/200): hold_course -- 8.8s
    checkpoint 8 (step 70/200): hold_course -- 7.8s
    checkpoint 9 (step 80/200): hold_course -- 8.0s
    checkpoint 10 (step 90/200): hold_course -- 10.0s
    checkpoint 11 (step 100/200): hold_course -- 7.5s
    checkpoint 12 (step 110/200): hold_course -- 7.6s
    checkpoint 13 (step 120/200): hold_course -- 8.0s
    checkpoint 14 (step 130/200): hold_course -- 8.7s
    checkpoint 15 (step 140/200): hold_course -- 6.8s
    checkpoint 16 (step 150/200): hold_course -- 7.2s
  [done] q01_quiet_long_tcpa__v4_pg.json  outcome=reached_goal  steps=159  checkpoints=16
  composite=1.000 verdict=PASS (132.7s)
[7/112] q01_quiet_long_tcpa / v5_pg_incident
    checkpoint 1 (step 0/200): hold_course -- 7.9s
    checkpoint 2 (step 10/200): hold_course -- 9.1s
    checkpoint 3 (step 20/200): hold_course -- 9.1s
    checkpoint 4 (step 30/200): hold_course -- 7.1s
    checkpoint 5 (step 40/200): hold_course -- 7.7s
    checkpoint 6 (step 50/200): hold_course -- 8.3s
    checkpoint 7 (step 60/200): hold_course -- 7.6s
    checkpoint 8 (step 70/200): hold_course -- 8.4s
    checkpoint 9 (step 80/200): hold_course -- 8.3s
    checkpoint 10 (step 90/200): hold_course -- 6.7s
    checkpoint 11 (step 100/200): hold_course -- 7.5s
    checkpoint 12 (step 110/200): hold_course -- 8.2s
    checkpoint 13 (step 120/200): hold_course -- 8.3s
    checkpoint 14 (step 130/200): hold_course -- 7.6s
    checkpoint 15 (step 140/200): hold_course -- 7.1s
    checkpoint 16 (step 150/200): hold_course -- 7.1s
  [done] q01_quiet_long_tcpa__v5_pg_incident.json  outcome=reached_goal  steps=159  checkpoints=16
  composite=1.000 verdict=PASS (126.4s)
[8/112] q01_quiet_long_tcpa / v6_pg_scenario
    checkpoint 1 (step 0/200): hold_course -- 8.7s
    checkpoint 2 (step 10/200): hold_course -- 8.2s
    checkpoint 3 (step 20/200): hold_course -- 7.8s
    checkpoint 4 (step 30/200): hold_course -- 7.6s
    checkpoint 5 (step 40/200): hold_course -- 9.1s
    checkpoint 6 (step 50/200): hold_course -- 7.8s
    checkpoint 7 (step 60/200): hold_course -- 7.9s
    checkpoint 8 (step 70/200): hold_course -- 7.9s
    checkpoint 9 (step 80/200): hold_course -- 8.2s
    checkpoint 10 (step 90/200): hold_course -- 6.6s
    checkpoint 11 (step 100/200): hold_course -- 6.8s
    checkpoint 12 (step 110/200): hold_course -- 7.3s
    checkpoint 13 (step 120/200): hold_course -- 9.9s
    checkpoint 14 (step 130/200): hold_course -- 8.0s
    checkpoint 15 (step 140/200): hold_course -- 7.0s
    checkpoint 16 (step 150/200): hold_course -- 7.6s
  [done] q01_quiet_long_tcpa__v6_pg_scenario.json  outcome=reached_goal  steps=159  checkpoints=16
  composite=1.000 verdict=PASS (126.6s)
[9/112] q02_quiet_wide_cpa / bare_qwen
    checkpoint 1 (step 0/200): slow_down -- 8.2s
    checkpoint 2 (step 10/200): slow_down -- 7.2s
    checkpoint 3 (step 20/200): speed_up -- 8.5s
    checkpoint 4 (step 30/200): slow_down -- 7.1s
    checkpoint 5 (step 40/200): speed_up -- 7.5s
    checkpoint 6 (step 50/200): slow_down -- 7.5s
    checkpoint 7 (step 60/200): speed_up -- 8.7s
    checkpoint 8 (step 70/200): hold_course -- 6.4s
    checkpoint 9 (step 80/200): hold_course -- 6.0s
    checkpoint 10 (step 90/200): slow_down -- 6.3s
    checkpoint 11 (step 100/200): speed_up -- 8.1s
    checkpoint 12 (step 110/200): slow_down -- 7.3s
    checkpoint 13 (step 120/200): speed_up -- 8.4s
    checkpoint 14 (step 130/200): slow_down -- 6.6s
    checkpoint 15 (step 140/200): speed_up -- 9.8s
    checkpoint 16 (step 150/200): slow_down -- 8.9s
    checkpoint 17 (step 160/200): speed_up -- 7.3s
    checkpoint 18 (step 170/200): slow_down -- 6.6s
    checkpoint 19 (step 180/200): speed_up -- 7.1s
    checkpoint 20 (step 190/200): slow_down -- 6.7s
  [done] q02_quiet_wide_cpa__bare_qwen.json  outcome=max_steps_reached  steps=199  checkpoints=20
  composite=0.200 verdict=FAIL -- did not reach the goal (150.8s)
[10/112] q02_quiet_wide_cpa / v0_base
    checkpoint 1 (step 0/200): hold_course -- 7.5s
    checkpoint 2 (step 10/200): hold_course -- 7.8s
    checkpoint 3 (step 20/200): hold_course -- 8.6s
    checkpoint 4 (step 30/200): hold_course -- 9.8s
    checkpoint 5 (step 40/200): hold_course -- 8.7s
    checkpoint 6 (step 50/200): hold_course -- 8.2s
    checkpoint 7 (step 60/200): hold_course -- 8.5s
    checkpoint 8 (step 70/200): hold_course -- 8.0s
    checkpoint 9 (step 80/200): hold_course -- 7.2s
    checkpoint 10 (step 90/200): hold_course -- 8.2s
  [done] q02_quiet_wide_cpa__v0_base.json  outcome=reached_goal  steps=95  checkpoints=10
  composite=1.000 verdict=PASS (82.6s)
[11/112] q02_quiet_wide_cpa / v1_rag
    checkpoint 1 (step 0/200): hold_course -- 9.8s
    checkpoint 2 (step 10/200): hold_course -- 8.6s
    checkpoint 3 (step 20/200): hold_course -- 10.4s
    checkpoint 4 (step 30/200): hold_course -- 9.5s
    checkpoint 5 (step 40/200): hold_course -- 8.9s
    checkpoint 6 (step 50/200): hold_course -- 9.4s
    checkpoint 7 (step 60/200): hold_course -- 11.2s
    checkpoint 8 (step 70/200): hold_course -- 9.9s
    checkpoint 9 (step 80/200): hold_course -- 9.7s
    checkpoint 10 (step 90/200): hold_course -- 11.6s
  [done] q02_quiet_wide_cpa__v1_rag.json  outcome=reached_goal  steps=95  checkpoints=10
  composite=1.000 verdict=PASS (99.2s)
[12/112] q02_quiet_wide_cpa / v2_cot
    checkpoint 1 (step 0/200): hold_course -- 30.7s
    checkpoint 2 (step 10/200): hold_course -- 93.8s
    checkpoint 3 (step 20/200): hold_course -- 32.0s
    checkpoint 4 (step 30/200): hold_course -- 34.6s
    checkpoint 5 (step 40/200): hold_course -- 25.9s
    checkpoint 6 (step 50/200): hold_course -- 23.1s
    checkpoint 7 (step 60/200): hold_course -- 34.7s
    checkpoint 8 (step 70/200): hold_course -- 33.0s
    checkpoint 9 (step 80/200): hold_course -- 30.4s
    checkpoint 10 (step 90/200): hold_course -- 33.9s
  [done] q02_quiet_wide_cpa__v2_cot.json  outcome=reached_goal  steps=95  checkpoints=10
  composite=1.000 verdict=PASS (372.2s)
[13/112] q02_quiet_wide_cpa / v3_rag_cot
    checkpoint 1 (step 0/200): turn_right -- 120.0s
    checkpoint 2 (step 10/200): turn_left -- 25.5s
    checkpoint 3 (step 20/200): hold_course -- 36.9s
    checkpoint 4 (step 30/200): hold_course -- 28.9s
    checkpoint 5 (step 40/200): hold_course -- 40.3s
    checkpoint 6 (step 50/200): hold_course -- 40.4s
    checkpoint 7 (step 60/200): hold_course -- 30.5s
    checkpoint 8 (step 70/200): hold_course -- 34.4s
    checkpoint 9 (step 80/200): hold_course -- 36.9s
    checkpoint 10 (step 90/200): hold_course -- 26.5s
  [done] q02_quiet_wide_cpa__v3_rag_cot.json  outcome=reached_goal  steps=96  checkpoints=10
  composite=0.949 verdict=PASS (420.3s)
[14/112] q02_quiet_wide_cpa / v4_pg
    checkpoint 1 (step 0/200): hold_course -- 8.3s
    checkpoint 2 (step 10/200): hold_course -- 14.5s
    checkpoint 3 (step 20/200): hold_course -- 9.3s
    checkpoint 4 (step 30/200): hold_course -- 10.2s
    checkpoint 5 (step 40/200): hold_course -- 10.0s
    checkpoint 6 (step 50/200): hold_course -- 8.6s
    checkpoint 7 (step 60/200): hold_course -- 9.2s
    checkpoint 8 (step 70/200): hold_course -- 9.3s
    checkpoint 9 (step 80/200): hold_course -- 8.8s
    checkpoint 10 (step 90/200): hold_course -- 8.7s
  [done] q02_quiet_wide_cpa__v4_pg.json  outcome=reached_goal  steps=95  checkpoints=10
  composite=1.000 verdict=PASS (97.2s)
[15/112] q02_quiet_wide_cpa / v5_pg_incident
    checkpoint 1 (step 0/200): hold_course -- 8.7s
    checkpoint 2 (step 10/200): hold_course -- 10.3s
    checkpoint 3 (step 20/200): hold_course -- 8.8s
    checkpoint 4 (step 30/200): hold_course -- 9.8s
    checkpoint 5 (step 40/200): hold_course -- 9.0s
    checkpoint 6 (step 50/200): hold_course -- 8.5s
    checkpoint 7 (step 60/200): hold_course -- 8.7s
    checkpoint 8 (step 70/200): hold_course -- 8.8s
    checkpoint 9 (step 80/200): hold_course -- 7.7s
    checkpoint 10 (step 90/200): hold_course -- 10.4s
  [done] q02_quiet_wide_cpa__v5_pg_incident.json  outcome=reached_goal  steps=95  checkpoints=10
  composite=1.000 verdict=PASS (90.9s)
[16/112] q02_quiet_wide_cpa / v6_pg_scenario
    checkpoint 1 (step 0/200): hold_course -- 8.9s
    checkpoint 2 (step 10/200): hold_course -- 8.1s
    checkpoint 3 (step 20/200): hold_course -- 8.8s
    checkpoint 4 (step 30/200): hold_course -- 9.7s
    checkpoint 5 (step 40/200): hold_course -- 9.3s
    checkpoint 6 (step 50/200): hold_course -- 8.5s
    checkpoint 7 (step 60/200): hold_course -- 11.7s
    checkpoint 8 (step 70/200): hold_course -- 9.1s
    checkpoint 9 (step 80/200): hold_course -- 7.7s
    checkpoint 10 (step 90/200): hold_course -- 8.3s
  [done] q02_quiet_wide_cpa__v6_pg_scenario.json  outcome=reached_goal  steps=95  checkpoints=10
  composite=1.000 verdict=PASS (90.2s)
[17/112] s01_head_on / bare_qwen
    checkpoint 1 (step 0/200): slow_down -- 7.9s
    checkpoint 2 (step 10/200): slow_down -- 5.5s
    checkpoint 3 (step 20/200): speed_up -- 8.9s
    checkpoint 4 (step 30/200): slow_down -- 5.6s
    checkpoint 5 (step 40/200): speed_up -- 7.6s
    checkpoint 6 (step 50/200): slow_down -- 7.4s
    checkpoint 7 (step 60/200): speed_up -- 8.5s
    checkpoint 8 (step 70/200): slow_down -- 5.4s
    checkpoint 9 (step 80/200): speed_up -- 7.4s
    checkpoint 10 (step 90/200): slow_down -- 8.0s
    checkpoint 11 (step 100/200): speed_up -- 7.1s
    checkpoint 12 (step 110/200): slow_down -- 5.8s
    checkpoint 13 (step 120/200): speed_up -- 7.9s
    checkpoint 14 (step 130/200): slow_down -- 8.5s
    checkpoint 15 (step 140/200): speed_up -- 8.0s
    checkpoint 16 (step 150/200): slow_down -- 9.2s
    checkpoint 17 (step 160/200): speed_up -- 7.3s
    checkpoint 18 (step 170/200): slow_down -- 8.2s
    checkpoint 19 (step 180/200): speed_up -- 7.2s
    checkpoint 20 (step 190/200): slow_down -- 7.1s
  [done] s01_head_on__bare_qwen.json  outcome=max_steps_reached  steps=199  checkpoints=20
  composite=0.200 verdict=FAIL -- did not reach the goal (148.8s)
[18/112] s01_head_on / v0_base
    checkpoint 1 (step 0/200): hold_course -- 11.4s
    checkpoint 2 (step 10/200): hold_course -- 7.1s
    checkpoint 3 (step 20/200): hold_course -- 6.9s
  [done] s01_head_on__v0_base.json  outcome=collision  steps=22  checkpoints=3
  composite=0.000 verdict=FAIL -- collision occurred (25.6s)
[19/112] s01_head_on / v1_rag
    checkpoint 1 (step 0/200): slow_down -- 13.9s
    checkpoint 2 (step 10/200): speed_up -- 8.6s
    checkpoint 3 (step 20/200): speed_up -- 8.6s
    checkpoint 4 (step 30/200): speed_up -- 8.3s
    checkpoint 5 (step 40/200): speed_up -- 9.0s
    checkpoint 6 (step 50/200): speed_up -- 8.9s
    checkpoint 7 (step 60/200): turn_left -- 10.0s
    checkpoint 8 (step 70/200): turn_left -- 11.2s
    checkpoint 9 (step 80/200): turn_left -- 10.4s
    checkpoint 10 (step 90/200): turn_right -- 10.5s
    checkpoint 11 (step 100/200): turn_left -- 10.5s
    checkpoint 12 (step 110/200): turn_right -- 10.5s
    checkpoint 13 (step 120/200): turn_left -- 9.9s
    checkpoint 14 (step 130/200): turn_right -- 10.7s
    checkpoint 15 (step 140/200): turn_left -- 10.5s
    checkpoint 16 (step 150/200): turn_right -- 11.5s
    checkpoint 17 (step 160/200): turn_left -- 10.9s
    checkpoint 18 (step 170/200): turn_right -- 10.6s
    checkpoint 19 (step 180/200): turn_left -- 10.6s
    checkpoint 20 (step 190/200): turn_right -- 10.6s
  [done] s01_head_on__v1_rag.json  outcome=max_steps_reached  steps=199  checkpoints=20
  composite=0.000 verdict=FAIL -- collision occurred (206.2s)
[20/112] s01_head_on / v2_cot
    checkpoint 1 (step 0/200): turn_right -- 54.7s
    checkpoint 2 (step 10/200): slow_down -- 37.3s
    checkpoint 3 (step 20/200): hold_course -- 215.1s
    checkpoint 4 (step 30/200): hold_course -- 210.8s
    checkpoint 5 (step 40/200): turn_right -- 197.6s
    checkpoint 6 (step 50/200): hold_course -- 213.8s
    checkpoint 7 (step 60/200): turn_right -- 127.7s
    checkpoint 8 (step 70/200): turn_right -- 98.7s
    checkpoint 9 (step 80/200): hold_course -- 188.3s
    checkpoint 10 (step 90/200): hold_course -- 188.9s
    checkpoint 11 (step 100/200): hold_course -- 208.0s
    checkpoint 12 (step 110/200): hold_course -- 212.0s
    checkpoint 13 (step 120/200): turn_left -- 56.3s
    checkpoint 14 (step 130/200): speed_up -- 126.3s
    checkpoint 15 (step 140/200): hold_course -- 45.0s
    checkpoint 16 (step 150/200): hold_course -- 52.9s
    checkpoint 17 (step 160/200): hold_course -- 55.4s
    checkpoint 18 (step 170/200): hold_course -- 41.0s
    checkpoint 19 (step 180/200): hold_course -- 44.2s
    checkpoint 20 (step 190/200): hold_course -- 42.5s
  [done] s01_head_on__v2_cot.json  outcome=reached_goal  steps=198  checkpoints=20
  composite=0.812 verdict=PASS (2417.1s)
[21/112] s01_head_on / v3_rag_cot
    checkpoint 1 (step 0/200): hold_course -- 218.9s
    checkpoint 2 (step 10/200): slow_down -- 36.9s
    checkpoint 3 (step 20/200): turn_left -- 38.4s
    checkpoint 4 (step 30/200): hold_course -- 137.8s
    checkpoint 5 (step 40/200): hold_course -- 211.8s
    checkpoint 6 (step 50/200): hold_course -- 217.5s
    checkpoint 7 (step 60/200): turn_left -- 131.1s
    checkpoint 8 (step 70/200): hold_course -- 42.9s
    checkpoint 9 (step 80/200): hold_course -- 202.6s
    checkpoint 10 (step 90/200): turn_right -- 49.5s
    checkpoint 11 (step 100/200): hold_course -- 206.4s
    checkpoint 12 (step 110/200): turn_right -- 125.1s
    checkpoint 13 (step 120/200): hold_course -- 232.7s
    checkpoint 14 (step 130/200): turn_right -- 164.8s
    checkpoint 15 (step 140/200): hold_course -- 226.7s
    checkpoint 16 (step 150/200): hold_course -- 208.5s
    checkpoint 17 (step 160/200): hold_course -- 231.5s
    checkpoint 18 (step 170/200): hold_course -- 233.0s
    checkpoint 19 (step 180/200): speed_up -- 188.6s
    checkpoint 20 (step 190/200): turn_left -- 38.6s
  [done] s01_head_on__v3_rag_cot.json  outcome=max_steps_reached  steps=199  checkpoints=20
  composite=0.200 verdict=FAIL -- did not reach the goal (3143.9s)
[22/112] s01_head_on / v4_pg
    checkpoint 1 (step 0/200): hold_course -- 15.3s
    checkpoint 2 (step 10/200): hold_course -- 18.8s
    checkpoint 3 (step 20/200): hold_course -- 14.0s
  [done] s01_head_on__v4_pg.json  outcome=collision  steps=22  checkpoints=3
  composite=0.000 verdict=FAIL -- collision occurred (48.2s)
[23/112] s01_head_on / v5_pg_incident
    checkpoint 1 (step 0/200): hold_course -- 12.7s
    checkpoint 2 (step 10/200): hold_course -- 9.1s
    checkpoint 3 (step 20/200): hold_course -- 8.4s
  [done] s01_head_on__v5_pg_incident.json  outcome=collision  steps=22  checkpoints=3
  composite=0.000 verdict=FAIL -- collision occurred (30.3s)
[24/112] s01_head_on / v6_pg_scenario
    checkpoint 1 (step 0/200): hold_course -- 13.8s
    checkpoint 2 (step 10/200): hold_course -- 11.2s
    checkpoint 3 (step 20/200): hold_course -- 10.4s
  [done] s01_head_on__v6_pg_scenario.json  outcome=collision  steps=22  checkpoints=3
  composite=0.000 verdict=FAIL -- collision occurred (35.5s)
[25/112] s02_crossing_stbd_fine / bare_qwen
    checkpoint 1 (step 0/200): slow_down -- 8.1s
    checkpoint 2 (step 10/200): slow_down -- 6.4s
    checkpoint 3 (step 20/200): speed_up -- 9.7s
    checkpoint 4 (step 30/200): slow_down -- 10.1s
    checkpoint 5 (step 40/200): speed_up -- 10.0s
    checkpoint 6 (step 50/200): slow_down -- 9.9s
    checkpoint 7 (step 60/200): speed_up -- 10.5s
    checkpoint 8 (step 70/200): slow_down -- 11.4s
    checkpoint 9 (step 80/200): speed_up -- 9.1s
    checkpoint 10 (step 90/200): slow_down -- 9.4s
    checkpoint 11 (step 100/200): speed_up -- 10.3s
    checkpoint 12 (step 110/200): slow_down -- 9.5s
    checkpoint 13 (step 120/200): speed_up -- 11.2s
    checkpoint 14 (step 130/200): slow_down -- 9.2s
    checkpoint 15 (step 140/200): speed_up -- 9.2s
    checkpoint 16 (step 150/200): slow_down -- 9.0s
    checkpoint 17 (step 160/200): speed_up -- 10.6s
    checkpoint 18 (step 170/200): slow_down -- 8.3s
    checkpoint 19 (step 180/200): speed_up -- 8.6s
    checkpoint 20 (step 190/200): slow_down -- 11.0s
  [done] s02_crossing_stbd_fine__bare_qwen.json  outcome=max_steps_reached  steps=199  checkpoints=20
  composite=0.200 verdict=FAIL -- did not reach the goal (191.8s)
[26/112] s02_crossing_stbd_fine / v0_base
    checkpoint 1 (step 0/200): hold_course -- 11.0s
    checkpoint 2 (step 10/200): hold_course -- 10.4s
    checkpoint 3 (step 20/200): hold_course -- 10.8s
    checkpoint 4 (step 30/200): hold_course -- 9.9s
    checkpoint 5 (step 40/200): hold_course -- 10.2s
    checkpoint 6 (step 50/200): hold_course -- 10.2s
    checkpoint 7 (step 60/200): hold_course -- 12.0s
    checkpoint 8 (step 70/200): hold_course -- 10.1s
    checkpoint 9 (step 80/200): hold_course -- 9.0s
    checkpoint 10 (step 90/200): hold_course -- 11.0s
  [done] s02_crossing_stbd_fine__v0_base.json  outcome=reached_goal  steps=95  checkpoints=10
  composite=0.000 verdict=FAIL -- collision occurred (104.6s)
[27/112] s02_crossing_stbd_fine / v1_rag
    checkpoint 1 (step 0/200): speed_up -- 17.6s
    checkpoint 2 (step 10/200): speed_up -- 7.8s
    checkpoint 3 (step 20/200): speed_up -- 9.3s
    checkpoint 4 (step 30/200): speed_up -- 8.7s
    checkpoint 5 (step 40/200): turn_left -- 10.3s
    checkpoint 6 (step 50/200): turn_left -- 10.6s
    checkpoint 7 (step 60/200): turn_left -- 9.6s
    checkpoint 8 (step 70/200): turn_left -- 11.2s
    checkpoint 9 (step 80/200): turn_left -- 9.6s
    checkpoint 10 (step 90/200): turn_left -- 12.3s
    checkpoint 11 (step 100/200): turn_left -- 10.3s
    checkpoint 12 (step 110/200): turn_left -- 10.9s
    checkpoint 13 (step 120/200): turn_left -- 9.9s
    checkpoint 14 (step 130/200): turn_left -- 11.4s
    checkpoint 15 (step 140/200): turn_left -- 10.1s
    checkpoint 16 (step 150/200): turn_right -- 11.0s
    checkpoint 17 (step 160/200): turn_left -- 10.6s
    checkpoint 18 (step 170/200): turn_right -- 10.0s
    checkpoint 19 (step 180/200): turn_left -- 10.4s
    checkpoint 20 (step 190/200): turn_right -- 10.8s
  [done] s02_crossing_stbd_fine__v1_rag.json  outcome=max_steps_reached  steps=199  checkpoints=20
  composite=0.200 verdict=FAIL -- did not reach the goal (212.8s)
[28/112] s02_crossing_stbd_fine / v2_cot
    checkpoint 1 (step 0/200): hold_course -- 203.4s
    checkpoint 2 (step 10/200): turn_right -- 46.8s
    checkpoint 3 (step 20/200): hold_course -- 219.5s
    checkpoint 4 (step 30/200): turn_left -- 81.1s
    checkpoint 5 (step 40/200): hold_course -- 46.9s
    checkpoint 6 (step 50/200): hold_course -- 39.4s
    checkpoint 7 (step 60/200): hold_course -- 39.2s
    checkpoint 8 (step 70/200): hold_course -- 40.8s
    checkpoint 9 (step 80/200): hold_course -- 47.5s
    checkpoint 10 (step 90/200): hold_course -- 38.6s
  [done] s02_crossing_stbd_fine__v2_cot.json  outcome=reached_goal  steps=98  checkpoints=10
  composite=0.942 verdict=PASS (803.3s)
[29/112] s02_crossing_stbd_fine / v3_rag_cot
    checkpoint 1 (step 0/200): turn_right -- 138.0s
    checkpoint 2 (step 10/200): hold_course -- 251.5s
    checkpoint 3 (step 20/200): hold_course -- 228.2s
    checkpoint 4 (step 30/200): hold_course -- 228.9s
    checkpoint 5 (step 40/200): turn_left -- 30.8s
    checkpoint 6 (step 50/200): hold_course -- 36.7s
    checkpoint 7 (step 60/200): hold_course -- 23.9s
    checkpoint 8 (step 70/200): hold_course -- 37.4s
    checkpoint 9 (step 80/200): hold_course -- 43.4s
    checkpoint 10 (step 90/200): hold_course -- 37.2s
  [done] s02_crossing_stbd_fine__v3_rag_cot.json  outcome=reached_goal  steps=100  checkpoints=10
  composite=0.937 verdict=PASS (1056.2s)
[30/112] s02_crossing_stbd_fine / v4_pg
    checkpoint 1 (step 0/200): hold_course -- 13.7s
    checkpoint 2 (step 10/200): hold_course -- 12.4s
    checkpoint 3 (step 20/200): hold_course -- 11.1s
    checkpoint 4 (step 30/200): hold_course -- 14.0s
    checkpoint 5 (step 40/200): hold_course -- 8.8s
    checkpoint 6 (step 50/200): hold_course -- 11.7s
    checkpoint 7 (step 60/200): hold_course -- 10.5s
    checkpoint 8 (step 70/200): hold_course -- 8.8s
    checkpoint 9 (step 80/200): hold_course -- 9.4s
    checkpoint 10 (step 90/200): hold_course -- 8.9s
  [done] s02_crossing_stbd_fine__v4_pg.json  outcome=reached_goal  steps=95  checkpoints=10
  composite=0.000 verdict=FAIL -- collision occurred (109.4s)
[31/112] s02_crossing_stbd_fine / v5_pg_incident
    checkpoint 1 (step 0/200): hold_course -- 8.6s
    checkpoint 2 (step 10/200): hold_course -- 7.5s
    checkpoint 3 (step 20/200): hold_course -- 8.8s
    checkpoint 4 (step 30/200): hold_course -- 9.6s
    checkpoint 5 (step 40/200): hold_course -- 8.7s
    checkpoint 6 (step 50/200): hold_course -- 8.6s
    checkpoint 7 (step 60/200): hold_course -- 9.7s
    checkpoint 8 (step 70/200): hold_course -- 9.4s
    checkpoint 9 (step 80/200): hold_course -- 8.3s
    checkpoint 10 (step 90/200): hold_course -- 11.4s
  [done] s02_crossing_stbd_fine__v5_pg_incident.json  outcome=reached_goal  steps=95  checkpoints=10
  composite=0.000 verdict=FAIL -- collision occurred (90.7s)
[32/112] s02_crossing_stbd_fine / v6_pg_scenario
    checkpoint 1 (step 0/200): hold_course -- 11.7s
    checkpoint 2 (step 10/200): hold_course -- 9.6s
    checkpoint 3 (step 20/200): hold_course -- 10.4s
    checkpoint 4 (step 30/200): hold_course -- 8.8s
    checkpoint 5 (step 40/200): hold_course -- 11.2s
    checkpoint 6 (step 50/200): hold_course -- 10.1s
    checkpoint 7 (step 60/200): hold_course -- 8.7s
    checkpoint 8 (step 70/200): hold_course -- 9.3s
    checkpoint 9 (step 80/200): hold_course -- 8.6s
    checkpoint 10 (step 90/200): hold_course -- 10.0s
  [done] s02_crossing_stbd_fine__v6_pg_scenario.json  outcome=reached_goal  steps=95  checkpoints=10
  composite=0.000 verdict=FAIL -- collision occurred (98.5s)
[33/112] s03_crossing_stbd_broad / bare_qwen
    checkpoint 1 (step 0/200): slow_down -- 8.9s
    checkpoint 2 (step 10/200): slow_down -- 9.5s
    checkpoint 3 (step 20/200): speed_up -- 10.4s
    checkpoint 4 (step 30/200): slow_down -- 7.6s
    checkpoint 5 (step 40/200): speed_up -- 10.2s
    checkpoint 6 (step 50/200): slow_down -- 9.2s
    checkpoint 7 (step 60/200): speed_up -- 8.7s
    checkpoint 8 (step 70/200): slow_down -- 8.7s
    checkpoint 9 (step 80/200): speed_up -- 9.0s
    checkpoint 10 (step 90/200): slow_down -- 7.6s
    checkpoint 11 (step 100/200): speed_up -- 9.2s
    checkpoint 12 (step 110/200): slow_down -- 9.2s
    checkpoint 13 (step 120/200): speed_up -- 9.8s
    checkpoint 14 (step 130/200): slow_down -- 7.6s
    checkpoint 15 (step 140/200): speed_up -- 10.9s
    checkpoint 16 (step 150/200): slow_down -- 8.9s
    checkpoint 17 (step 160/200): speed_up -- 9.2s
    checkpoint 18 (step 170/200): slow_down -- 9.6s
    checkpoint 19 (step 180/200): speed_up -- 8.5s
    checkpoint 20 (step 190/200): slow_down -- 9.5s
  [done] s03_crossing_stbd_broad__bare_qwen.json  outcome=max_steps_reached  steps=199  checkpoints=20
  composite=0.200 verdict=FAIL -- did not reach the goal (182.7s)
[34/112] s03_crossing_stbd_broad / v0_base
    checkpoint 1 (step 0/200): hold_course -- 10.9s
    checkpoint 2 (step 10/200): hold_course -- 9.8s
    checkpoint 3 (step 20/200): hold_course -- 8.8s
    checkpoint 4 (step 30/200): hold_course -- 8.3s
  [done] s03_crossing_stbd_broad__v0_base.json  outcome=collision  steps=38  checkpoints=4
  composite=0.000 verdict=FAIL -- collision occurred (37.9s)
[35/112] s03_crossing_stbd_broad / v1_rag
    checkpoint 1 (step 0/200): speed_up -- 17.4s
    checkpoint 2 (step 10/200): speed_up -- 9.2s
    checkpoint 3 (step 20/200): speed_up -- 9.5s
    checkpoint 4 (step 30/200): speed_up -- 8.2s
    checkpoint 5 (step 40/200): turn_left -- 12.3s
    checkpoint 6 (step 50/200): turn_left -- 12.6s
    checkpoint 7 (step 60/200): turn_left -- 13.5s
    checkpoint 8 (step 70/200): turn_left -- 12.7s
    checkpoint 9 (step 80/200): turn_left -- 11.5s
    checkpoint 10 (step 90/200): turn_left -- 13.1s
    checkpoint 11 (step 100/200): turn_left -- 13.3s
    checkpoint 12 (step 110/200): turn_left -- 11.8s
    checkpoint 13 (step 120/200): turn_left -- 12.8s
    checkpoint 14 (step 130/200): turn_left -- 12.3s
    checkpoint 15 (step 140/200): turn_left -- 11.5s
    checkpoint 16 (step 150/200): turn_right -- 12.9s
    checkpoint 17 (step 160/200): turn_left -- 13.0s
    checkpoint 18 (step 170/200): turn_right -- 13.2s
    checkpoint 19 (step 180/200): turn_left -- 13.3s
    checkpoint 20 (step 190/200): turn_right -- 11.0s
  [done] s03_crossing_stbd_broad__v1_rag.json  outcome=max_steps_reached  steps=199  checkpoints=20
  composite=0.200 verdict=FAIL -- did not reach the goal (245.5s)
[36/112] s03_crossing_stbd_broad / v2_cot
    checkpoint 1 (step 0/200): hold_course -- 210.2s
    checkpoint 2 (step 10/200): turn_right -- 218.3s
    checkpoint 3 (step 20/200): turn_left -- 176.0s
    checkpoint 4 (step 30/200): hold_course -- 29.3s
    checkpoint 5 (step 40/200): slow_down -- 31.7s
    checkpoint 6 (step 50/200): hold_course -- 212.5s
    checkpoint 7 (step 60/200): hold_course -- 206.4s
    checkpoint 8 (step 70/200): turn_right -- 78.3s
    checkpoint 9 (step 80/200): hold_course -- 222.4s
    checkpoint 10 (step 90/200): hold_course -- 213.3s
    checkpoint 11 (step 100/200): hold_course -- 186.5s
    checkpoint 12 (step 110/200): turn_left -- 86.2s
    checkpoint 13 (step 120/200): speed_up -- 40.6s
    checkpoint 14 (step 130/200): hold_course -- 28.6s
    checkpoint 15 (step 140/200): hold_course -- 26.9s
    checkpoint 16 (step 150/200): hold_course -- 39.5s
  [done] s03_crossing_stbd_broad__v2_cot.json  outcome=reached_goal  steps=160  checkpoints=16
  composite=0.839 verdict=PASS (2007.1s)
[37/112] s03_crossing_stbd_broad / v3_rag_cot
    checkpoint 1 (step 0/200): turn_left -- 156.7s
    checkpoint 2 (step 10/200): turn_right -- 38.1s
    checkpoint 3 (step 20/200): turn_right -- 69.0s
    checkpoint 4 (step 30/200): hold_course -- 232.0s
    checkpoint 5 (step 40/200): turn_left -- 102.5s
    checkpoint 6 (step 50/200): hold_course -- 53.6s
    checkpoint 7 (step 60/200): hold_course -- 36.3s
    checkpoint 8 (step 70/200): hold_course -- 50.2s
    checkpoint 9 (step 80/200): hold_course -- 51.4s
    checkpoint 10 (step 90/200): hold_course -- 122.7s
    checkpoint 11 (step 100/200): hold_course -- 77.0s
  [done] s03_crossing_stbd_broad__v3_rag_cot.json  outcome=reached_goal  steps=106  checkpoints=11
  composite=0.867 verdict=PASS (989.6s)
[38/112] s03_crossing_stbd_broad / v4_pg
    checkpoint 1 (step 0/200): hold_course -- 12.1s
    checkpoint 2 (step 10/200): hold_course -- 12.8s
    checkpoint 3 (step 20/200): hold_course -- 7.2s
    checkpoint 4 (step 30/200): hold_course -- 7.6s
  [done] s03_crossing_stbd_broad__v4_pg.json  outcome=collision  steps=38  checkpoints=4
  composite=0.000 verdict=FAIL -- collision occurred (39.7s)
[39/112] s03_crossing_stbd_broad / v5_pg_incident
    checkpoint 1 (step 0/200): hold_course -- 10.3s
    checkpoint 2 (step 10/200): hold_course -- 8.0s
    checkpoint 3 (step 20/200): hold_course -- 7.5s
    checkpoint 4 (step 30/200): hold_course -- 7.2s
  [done] s03_crossing_stbd_broad__v5_pg_incident.json  outcome=collision  steps=38  checkpoints=4
  composite=0.000 verdict=FAIL -- collision occurred (33.1s)
[40/112] s03_crossing_stbd_broad / v6_pg_scenario
    checkpoint 1 (step 0/200): hold_course -- 8.4s
    checkpoint 2 (step 10/200): hold_course -- 7.7s
    checkpoint 3 (step 20/200): hold_course -- 7.2s
    checkpoint 4 (step 30/200): hold_course -- 7.0s
  [done] s03_crossing_stbd_broad__v6_pg_scenario.json  outcome=collision  steps=38  checkpoints=4
  composite=0.000 verdict=FAIL -- collision occurred (30.4s)
[41/112] s04_crossing_stbd_abeam / bare_qwen
    checkpoint 1 (step 0/200): slow_down -- 6.6s
    checkpoint 2 (step 10/200): slow_down -- 9.0s
    checkpoint 3 (step 20/200): speed_up -- 7.9s
    checkpoint 4 (step 30/200): slow_down -- 7.4s
    checkpoint 5 (step 40/200): speed_up -- 7.7s
    checkpoint 6 (step 50/200): slow_down -- 9.3s
    checkpoint 7 (step 60/200): speed_up -- 8.1s
    checkpoint 8 (step 70/200): slow_down -- 7.6s
    checkpoint 9 (step 80/200): speed_up -- 7.8s
    checkpoint 10 (step 90/200): slow_down -- 7.1s
    checkpoint 11 (step 100/200): speed_up -- 9.4s
    checkpoint 12 (step 110/200): slow_down -- 6.9s
    checkpoint 13 (step 120/200): speed_up -- 7.2s
    checkpoint 14 (step 130/200): slow_down -- 6.8s
    checkpoint 15 (step 140/200): speed_up -- 7.3s
    checkpoint 16 (step 150/200): slow_down -- 6.6s
    checkpoint 17 (step 160/200): speed_up -- 6.9s
    checkpoint 18 (step 170/200): slow_down -- 7.1s
    checkpoint 19 (step 180/200): speed_up -- 6.7s
    checkpoint 20 (step 190/200): hold_course -- 6.3s
  [done] s04_crossing_stbd_abeam__bare_qwen.json  outcome=max_steps_reached  steps=199  checkpoints=20
  composite=0.200 verdict=FAIL -- did not reach the goal (150.1s)
[42/112] s04_crossing_stbd_abeam / v0_base
    checkpoint 1 (step 0/200): hold_course -- 11.1s
    checkpoint 2 (step 10/200): hold_course -- 6.9s
    checkpoint 3 (step 20/200): hold_course -- 7.0s
    checkpoint 4 (step 30/200): hold_course -- 7.6s
  [done] s04_crossing_stbd_abeam__v0_base.json  outcome=collision  steps=40  checkpoints=4
  composite=0.000 verdict=FAIL -- collision occurred (32.6s)
[43/112] s04_crossing_stbd_abeam / v1_rag
    checkpoint 1 (step 0/200): speed_up -- 12.9s
    checkpoint 2 (step 10/200): hold_course -- 7.6s
    checkpoint 3 (step 20/200): speed_up -- 8.2s
    checkpoint 4 (step 30/200): speed_up -- 9.9s
  [done] s04_crossing_stbd_abeam__v1_rag.json  outcome=reached_goal  steps=40  checkpoints=4
  composite=0.998 verdict=PASS (38.7s)
[44/112] s04_crossing_stbd_abeam / v2_cot
    checkpoint 1 (step 0/200): turn_right -- 104.8s
    checkpoint 2 (step 10/200): turn_right -- 150.5s
    checkpoint 3 (step 20/200): turn_left -- 173.0s
    checkpoint 4 (step 30/200): hold_course -- 25.7s
    checkpoint 5 (step 40/200): turn_left -- 121.6s
    checkpoint 6 (step 50/200): hold_course -- 25.9s
    checkpoint 7 (step 60/200): hold_course -- 28.3s
    checkpoint 8 (step 70/200): turn_right -- 31.5s
    checkpoint 9 (step 80/200): hold_course -- 43.7s
    checkpoint 10 (step 90/200): hold_course -- 52.5s
  [done] s04_crossing_stbd_abeam__v2_cot.json  outcome=reached_goal  steps=98  checkpoints=10
  composite=0.892 verdict=PASS (757.7s)
[45/112] s04_crossing_stbd_abeam / v3_rag_cot
    checkpoint 1 (step 0/200): turn_right -- 51.4s
    checkpoint 2 (step 10/200): hold_course -- 246.1s
    checkpoint 3 (step 20/200): hold_course -- 649.2s
    checkpoint 4 (step 30/200): hold_course -- 232.3s
    checkpoint 5 (step 40/200): turn_left -- 207.8s
    checkpoint 6 (step 50/200): hold_course -- 56.9s
    checkpoint 7 (step 60/200): hold_course -- 45.0s
    checkpoint 8 (step 70/200): hold_course -- 57.4s
    checkpoint 9 (step 80/200): hold_course -- 57.4s
    checkpoint 10 (step 90/200): hold_course -- 45.0s
  [done] s04_crossing_stbd_abeam__v3_rag_cot.json  outcome=reached_goal  steps=98  checkpoints=10
  composite=0.943 verdict=PASS (1648.8s)
[46/112] s04_crossing_stbd_abeam / v4_pg
    checkpoint 1 (step 0/200): hold_course -- 13.5s
    checkpoint 2 (step 10/200): hold_course -- 9.4s
    checkpoint 3 (step 20/200): hold_course -- 13.8s
    checkpoint 4 (step 30/200): hold_course -- 10.1s
  [done] s04_crossing_stbd_abeam__v4_pg.json  outcome=collision  steps=40  checkpoints=4
  composite=0.000 verdict=FAIL -- collision occurred (46.9s)
[47/112] s04_crossing_stbd_abeam / v5_pg_incident
    checkpoint 1 (step 0/200): hold_course -- 9.9s
    checkpoint 2 (step 10/200): hold_course -- 8.5s
    checkpoint 3 (step 20/200): hold_course -- 9.6s
    checkpoint 4 (step 30/200): hold_course -- 8.5s
  [done] s04_crossing_stbd_abeam__v5_pg_incident.json  outcome=collision  steps=40  checkpoints=4
  composite=0.000 verdict=FAIL -- collision occurred (36.6s)
[48/112] s04_crossing_stbd_abeam / v6_pg_scenario
    checkpoint 1 (step 0/200): hold_course -- 10.2s
    checkpoint 2 (step 10/200): hold_course -- 8.8s
    checkpoint 3 (step 20/200): hold_course -- 8.5s
    checkpoint 4 (step 30/200): hold_course -- 9.9s
  [done] s04_crossing_stbd_abeam__v6_pg_scenario.json  outcome=collision  steps=40  checkpoints=4
  composite=0.000 verdict=FAIL -- collision occurred (37.6s)
[49/112] s05_crossing_port_broad / bare_qwen
    checkpoint 1 (step 0/200): slow_down -- 8.9s
    checkpoint 2 (step 10/200): slow_down -- 9.3s
    checkpoint 3 (step 20/200): speed_up -- 9.8s
    checkpoint 4 (step 30/200): slow_down -- 8.8s
    checkpoint 5 (step 40/200): speed_up -- 9.4s
    checkpoint 6 (step 50/200): slow_down -- 7.5s
    checkpoint 7 (step 60/200): speed_up -- 10.4s
    checkpoint 8 (step 70/200): slow_down -- 8.9s
    checkpoint 9 (step 80/200): speed_up -- 11.8s
    checkpoint 10 (step 90/200): slow_down -- 10.3s
    checkpoint 11 (step 100/200): speed_up -- 8.6s
    checkpoint 12 (step 110/200): slow_down -- 8.7s
    checkpoint 13 (step 120/200): speed_up -- 10.0s
    checkpoint 14 (step 130/200): slow_down -- 9.0s
    checkpoint 15 (step 140/200): speed_up -- 8.4s
    checkpoint 16 (step 150/200): slow_down -- 9.7s
    checkpoint 17 (step 160/200): speed_up -- 9.3s
    checkpoint 18 (step 170/200): slow_down -- 9.6s
    checkpoint 19 (step 180/200): speed_up -- 8.5s
    checkpoint 20 (step 190/200): slow_down -- 9.3s
  [done] s05_crossing_port_broad__bare_qwen.json  outcome=max_steps_reached  steps=199  checkpoints=20
  composite=0.200 verdict=FAIL -- did not reach the goal (186.4s)
[50/112] s05_crossing_port_broad / v0_base
    checkpoint 1 (step 0/200): hold_course -- 11.0s
    checkpoint 2 (step 10/200): hold_course -- 8.9s
    checkpoint 3 (step 20/200): hold_course -- 9.0s
    checkpoint 4 (step 30/200): hold_course -- 9.8s
    checkpoint 5 (step 40/200): hold_course -- 10.6s
    checkpoint 6 (step 50/200): hold_course -- 8.6s
  [done] s05_crossing_port_broad__v0_base.json  outcome=collision  steps=54  checkpoints=6
  composite=0.000 verdict=FAIL -- collision occurred (58.1s)
[51/112] s05_crossing_port_broad / v1_rag
    checkpoint 1 (step 0/200): speed_up -- 15.7s
    checkpoint 2 (step 10/200): speed_up -- 10.3s
    checkpoint 3 (step 20/200): speed_up -- 10.8s
    checkpoint 4 (step 30/200): speed_up -- 9.6s
    checkpoint 5 (step 40/200): turn_left -- 14.4s
    checkpoint 6 (step 50/200): turn_left -- 15.4s
    checkpoint 7 (step 60/200): turn_left -- 11.5s
    checkpoint 8 (step 70/200): turn_left -- 13.7s
    checkpoint 9 (step 80/200): turn_left -- 11.8s
    checkpoint 10 (step 90/200): turn_left -- 13.4s
    checkpoint 11 (step 100/200): turn_left -- 10.8s
    checkpoint 12 (step 110/200): turn_left -- 12.8s
    checkpoint 13 (step 120/200): turn_left -- 12.5s
    checkpoint 14 (step 130/200): turn_left -- 13.8s
    checkpoint 15 (step 140/200): turn_left -- 11.7s
    checkpoint 16 (step 150/200): turn_right -- 11.9s
    checkpoint 17 (step 160/200): turn_left -- 12.4s
    checkpoint 18 (step 170/200): turn_right -- 11.8s
    checkpoint 19 (step 180/200): turn_left -- 13.9s
    checkpoint 20 (step 190/200): turn_right -- 13.1s
  [done] s05_crossing_port_broad__v1_rag.json  outcome=max_steps_reached  steps=199  checkpoints=20
  composite=0.200 verdict=FAIL -- did not reach the goal (251.6s)
[52/112] s05_crossing_port_broad / v2_cot
    checkpoint 1 (step 0/200): turn_right -- 87.4s
    checkpoint 2 (step 10/200): turn_left -- 43.0s
    checkpoint 3 (step 20/200): hold_course -- 28.7s
    checkpoint 4 (step 30/200): hold_course -- 26.2s
    checkpoint 5 (step 40/200): hold_course -- 187.9s
    checkpoint 6 (step 50/200): hold_course -- 22.9s
    checkpoint 7 (step 60/200): hold_course -- 30.5s
    checkpoint 8 (step 70/200): hold_course -- 74.4s
    checkpoint 9 (step 80/200): hold_course -- 26.3s
    checkpoint 10 (step 90/200): hold_course -- 39.6s
    checkpoint 11 (step 100/200): turn_left -- 36.4s
  [done] s05_crossing_port_broad__v2_cot.json  outcome=reached_goal  steps=101  checkpoints=11
  composite=0.906 verdict=PASS (603.7s)
[53/112] s05_crossing_port_broad / v3_rag_cot
    checkpoint 1 (step 0/200): turn_right -- 76.9s
    checkpoint 2 (step 10/200): hold_course -- 182.2s
    checkpoint 3 (step 20/200): hold_course -- 242.5s
    checkpoint 4 (step 30/200): turn_left -- 172.8s
    checkpoint 5 (step 40/200): hold_course -- 181.8s
    checkpoint 6 (step 50/200): hold_course -- 52.8s
    checkpoint 7 (step 60/200): hold_course -- 62.6s
    checkpoint 8 (step 70/200): hold_course -- 61.1s
    checkpoint 9 (step 80/200): hold_course -- 33.3s
    checkpoint 10 (step 90/200): hold_course -- 41.6s
  [done] s05_crossing_port_broad__v3_rag_cot.json  outcome=reached_goal  steps=97  checkpoints=10
  composite=0.946 verdict=PASS (1107.7s)
[54/112] s05_crossing_port_broad / v4_pg
    checkpoint 1 (step 0/200): hold_course -- 12.1s
    checkpoint 2 (step 10/200): hold_course -- 12.7s
    checkpoint 3 (step 20/200): hold_course -- 7.3s
    checkpoint 4 (step 30/200): hold_course -- 12.1s
    checkpoint 5 (step 40/200): hold_course -- 13.1s
    checkpoint 6 (step 50/200): hold_course -- 8.2s
  [done] s05_crossing_port_broad__v4_pg.json  outcome=collision  steps=54  checkpoints=6
  composite=0.000 verdict=FAIL -- collision occurred (65.6s)
[55/112] s05_crossing_port_broad / v5_pg_incident
    checkpoint 1 (step 0/200): hold_course -- 8.6s
    checkpoint 2 (step 10/200): hold_course -- 7.1s
    checkpoint 3 (step 20/200): hold_course -- 7.7s
    checkpoint 4 (step 30/200): hold_course -- 7.2s
    checkpoint 5 (step 40/200): hold_course -- 7.1s
    checkpoint 6 (step 50/200): hold_course -- 6.9s
  [done] s05_crossing_port_broad__v5_pg_incident.json  outcome=collision  steps=54  checkpoints=6
  composite=0.000 verdict=FAIL -- collision occurred (44.7s)
[56/112] s05_crossing_port_broad / v6_pg_scenario
    checkpoint 1 (step 0/200): hold_course -- 9.3s
    checkpoint 2 (step 10/200): hold_course -- 9.4s
    checkpoint 3 (step 20/200): hold_course -- 7.6s
    checkpoint 4 (step 30/200): hold_course -- 7.4s
    checkpoint 5 (step 40/200): hold_course -- 8.8s
    checkpoint 6 (step 50/200): hold_course -- 7.6s
  [done] s05_crossing_port_broad__v6_pg_scenario.json  outcome=collision  steps=54  checkpoints=6
  composite=0.000 verdict=FAIL -- collision occurred (50.2s)
[57/112] s06_crossing_port_fine / bare_qwen
    checkpoint 1 (step 0/200): slow_down -- 8.4s
    checkpoint 2 (step 10/200): slow_down -- 8.4s
    checkpoint 3 (step 20/200): speed_up -- 9.3s
    checkpoint 4 (step 30/200): slow_down -- 9.9s
    checkpoint 5 (step 40/200): speed_up -- 10.0s
    checkpoint 6 (step 50/200): slow_down -- 7.3s
    checkpoint 7 (step 60/200): speed_up -- 9.7s
    checkpoint 8 (step 70/200): slow_down -- 9.0s
    checkpoint 9 (step 80/200): speed_up -- 9.5s
    checkpoint 10 (step 90/200): slow_down -- 8.5s
    checkpoint 11 (step 100/200): speed_up -- 9.3s
    checkpoint 12 (step 110/200): slow_down -- 9.9s
    checkpoint 13 (step 120/200): speed_up -- 9.1s
    checkpoint 14 (step 130/200): slow_down -- 9.1s
    checkpoint 15 (step 140/200): speed_up -- 10.0s
    checkpoint 16 (step 150/200): slow_down -- 8.5s
    checkpoint 17 (step 160/200): speed_up -- 9.9s
    checkpoint 18 (step 170/200): slow_down -- 8.5s
    checkpoint 19 (step 180/200): speed_up -- 10.2s
    checkpoint 20 (step 190/200): slow_down -- 9.0s
  [done] s06_crossing_port_fine__bare_qwen.json  outcome=max_steps_reached  steps=199  checkpoints=20
  composite=0.200 verdict=FAIL -- did not reach the goal (183.9s)
[58/112] s06_crossing_port_fine / v0_base
    checkpoint 1 (step 0/200): hold_course -- 11.8s
    checkpoint 2 (step 10/200): hold_course -- 8.5s
    checkpoint 3 (step 20/200): hold_course -- 9.8s
    checkpoint 4 (step 30/200): hold_course -- 9.8s
    checkpoint 5 (step 40/200): hold_course -- 9.2s
    checkpoint 6 (step 50/200): hold_course -- 9.8s
    checkpoint 7 (step 60/200): hold_course -- 10.5s
    checkpoint 8 (step 70/200): hold_course -- 10.2s
    checkpoint 9 (step 80/200): hold_course -- 11.3s
    checkpoint 10 (step 90/200): hold_course -- 10.3s
  [done] s06_crossing_port_fine__v0_base.json  outcome=reached_goal  steps=95  checkpoints=10
  composite=0.000 verdict=FAIL -- collision occurred (101.3s)
[59/112] s06_crossing_port_fine / v1_rag
    checkpoint 1 (step 0/200): slow_down -- 14.9s
    checkpoint 2 (step 10/200): speed_up -- 8.7s
    checkpoint 3 (step 20/200): hold_course -- 9.5s
    checkpoint 4 (step 30/200): hold_course -- 11.9s
    checkpoint 5 (step 40/200): speed_up -- 10.7s
    checkpoint 6 (step 50/200): speed_up -- 10.4s
    checkpoint 7 (step 60/200): speed_up -- 10.4s
  [done] s06_crossing_port_fine__v1_rag.json  outcome=reached_goal  steps=66  checkpoints=7
  composite=0.997 verdict=PASS (76.7s)
[60/112] s06_crossing_port_fine / v2_cot
    checkpoint 1 (step 0/200): hold_course -- 147.2s
    checkpoint 2 (step 10/200): turn_right -- 40.0s
    checkpoint 3 (step 20/200): turn_right -- 128.1s
    checkpoint 4 (step 30/200): hold_course -- 211.5s
    checkpoint 5 (step 40/200): turn_left -- 43.3s
    checkpoint 6 (step 50/200): hold_course -- 45.0s
    checkpoint 7 (step 60/200): hold_course -- 46.2s
    checkpoint 8 (step 70/200): hold_course -- 32.5s
    checkpoint 9 (step 80/200): hold_course -- 35.9s
    checkpoint 10 (step 90/200): hold_course -- 39.8s
  [done] s06_crossing_port_fine__v2_cot.json  outcome=reached_goal  steps=100  checkpoints=10
  composite=0.911 verdict=PASS (769.6s)
[61/112] s06_crossing_port_fine / v3_rag_cot
    checkpoint 1 (step 0/200): turn_left -- 134.2s
    checkpoint 2 (step 10/200): hold_course -- 225.9s
    checkpoint 3 (step 20/200): turn_right -- 129.0s
    checkpoint 4 (step 30/200): turn_right -- 79.2s
    checkpoint 5 (step 40/200): turn_left -- 62.4s
    checkpoint 6 (step 50/200): hold_course -- 47.1s
    checkpoint 7 (step 60/200): hold_course -- 25.8s
    checkpoint 8 (step 70/200): hold_course -- 44.7s
    checkpoint 9 (step 80/200): hold_course -- 47.9s
    checkpoint 10 (step 90/200): hold_course -- 38.7s
  [done] s06_crossing_port_fine__v3_rag_cot.json  outcome=reached_goal  steps=97  checkpoints=10
  composite=0.895 verdict=PASS (835.0s)
[62/112] s06_crossing_port_fine / v4_pg
    checkpoint 1 (step 0/200): hold_course -- 13.9s
    checkpoint 2 (step 10/200): hold_course -- 14.6s
    checkpoint 3 (step 20/200): hold_course -- 12.9s
    checkpoint 4 (step 30/200): hold_course -- 14.1s
    checkpoint 5 (step 40/200): hold_course -- 9.5s
    checkpoint 6 (step 50/200): hold_course -- 10.9s
    checkpoint 7 (step 60/200): hold_course -- 9.5s
    checkpoint 8 (step 70/200): hold_course -- 10.8s
    checkpoint 9 (step 80/200): hold_course -- 11.3s
    checkpoint 10 (step 90/200): hold_course -- 11.7s
  [done] s06_crossing_port_fine__v4_pg.json  outcome=reached_goal  steps=95  checkpoints=10
  composite=0.000 verdict=FAIL -- collision occurred (119.3s)
[63/112] s06_crossing_port_fine / v5_pg_incident
    checkpoint 1 (step 0/200): hold_course -- 13.8s
    checkpoint 2 (step 10/200): hold_course -- 8.6s
    checkpoint 3 (step 20/200): hold_course -- 8.2s
    checkpoint 4 (step 30/200): hold_course -- 9.8s
    checkpoint 5 (step 40/200): hold_course -- 10.5s
    checkpoint 6 (step 50/200): hold_course -- 11.1s
    checkpoint 7 (step 60/200): hold_course -- 11.0s
    checkpoint 8 (step 70/200): hold_course -- 10.0s
    checkpoint 9 (step 80/200): hold_course -- 10.1s
    checkpoint 10 (step 90/200): hold_course -- 10.3s
  [done] s06_crossing_port_fine__v5_pg_incident.json  outcome=reached_goal  steps=95  checkpoints=10
  composite=0.000 verdict=FAIL -- collision occurred (103.6s)
[64/112] s06_crossing_port_fine / v6_pg_scenario
    checkpoint 1 (step 0/200): hold_course -- 12.5s
    checkpoint 2 (step 10/200): hold_course -- 9.1s
    checkpoint 3 (step 20/200): hold_course -- 8.7s
    checkpoint 4 (step 30/200): hold_course -- 9.8s
    checkpoint 5 (step 40/200): hold_course -- 9.9s
    checkpoint 6 (step 50/200): hold_course -- 10.1s
    checkpoint 7 (step 60/200): hold_course -- 11.1s
    checkpoint 8 (step 70/200): hold_course -- 10.5s
    checkpoint 9 (step 80/200): hold_course -- 10.5s
    checkpoint 10 (step 90/200): hold_course -- 10.4s
  [done] s06_crossing_port_fine__v6_pg_scenario.json  outcome=reached_goal  steps=95  checkpoints=10
  composite=0.000 verdict=FAIL -- collision occurred (102.8s)
[65/112] s07_overtaking_os_gives_way / bare_qwen
    checkpoint 1 (step 0/200): hold_course -- 12.8s
    checkpoint 2 (step 10/200): hold_course -- 8.7s
    checkpoint 3 (step 20/200): hold_course -- 6.8s
    checkpoint 4 (step 30/200): hold_course -- 7.5s
    checkpoint 5 (step 40/200): hold_course -- 8.3s
  [done] s07_overtaking_os_gives_way__bare_qwen.json  outcome=collision  steps=46  checkpoints=5
  composite=0.000 verdict=FAIL -- collision occurred (44.3s)
[66/112] s07_overtaking_os_gives_way / v0_base
    checkpoint 1 (step 0/200): hold_course -- 9.7s
    checkpoint 2 (step 10/200): hold_course -- 10.9s
    checkpoint 3 (step 20/200): hold_course -- 12.3s
    checkpoint 4 (step 30/200): hold_course -- 9.8s
    checkpoint 5 (step 40/200): hold_course -- 11.0s
  [done] s07_overtaking_os_gives_way__v0_base.json  outcome=collision  steps=46  checkpoints=5
  composite=0.000 verdict=FAIL -- collision occurred (53.7s)
[67/112] s07_overtaking_os_gives_way / v1_rag
    checkpoint 1 (step 0/200): speed_up -- 19.2s
    checkpoint 2 (step 10/200): speed_up -- 16.5s
    checkpoint 3 (step 20/200): speed_up -- 12.7s
    checkpoint 4 (step 30/200): speed_up -- 8.7s
    checkpoint 5 (step 40/200): turn_left -- 11.3s
    checkpoint 6 (step 50/200): turn_left -- 15.5s
    checkpoint 7 (step 60/200): turn_left -- 13.0s
    checkpoint 8 (step 70/200): turn_left -- 12.6s
    checkpoint 9 (step 80/200): turn_left -- 13.0s
    checkpoint 10 (step 90/200): turn_left -- 12.2s
    checkpoint 11 (step 100/200): turn_left -- 10.6s
    checkpoint 12 (step 110/200): turn_left -- 13.4s
    checkpoint 13 (step 120/200): turn_left -- 12.0s
    checkpoint 14 (step 130/200): turn_left -- 12.3s
    checkpoint 15 (step 140/200): turn_left -- 11.8s
    checkpoint 16 (step 150/200): turn_right -- 11.0s
    checkpoint 17 (step 160/200): turn_left -- 9.5s
  [done] s07_overtaking_os_gives_way__v1_rag.json  outcome=collision  steps=166  checkpoints=17
  composite=0.000 verdict=FAIL -- collision occurred (215.5s)
[68/112] s07_overtaking_os_gives_way / v2_cot
    checkpoint 1 (step 0/200): slow_down -- 94.7s
    checkpoint 2 (step 10/200): speed_up -- 30.3s
    checkpoint 3 (step 20/200): hold_course -- 49.7s
    checkpoint 4 (step 30/200): slow_down -- 38.7s
    checkpoint 5 (step 40/200): speed_up -- 22.7s
    checkpoint 6 (step 50/200): hold_course -- 26.5s
    checkpoint 7 (step 60/200): hold_course -- 32.9s
    checkpoint 8 (step 70/200): hold_course -- 37.1s
  [done] s07_overtaking_os_gives_way__v2_cot.json  outcome=collision  steps=73  checkpoints=8
  composite=0.000 verdict=FAIL -- collision occurred (332.7s)
[69/112] s07_overtaking_os_gives_way / v3_rag_cot
    checkpoint 1 (step 0/200): slow_down -- 94.9s
    checkpoint 2 (step 10/200): speed_up -- 35.7s
    checkpoint 3 (step 20/200): slow_down -- 43.9s
    checkpoint 4 (step 30/200): speed_up -- 42.8s
    checkpoint 5 (step 40/200): turn_right -- 45.0s
    checkpoint 6 (step 50/200): turn_left -- 36.0s
    checkpoint 7 (step 60/200): hold_course -- 60.4s
    checkpoint 8 (step 70/200): hold_course -- 44.6s
    checkpoint 9 (step 80/200): hold_course -- 47.6s
    checkpoint 10 (step 90/200): hold_course -- 41.3s
    checkpoint 11 (step 100/200): hold_course -- 44.3s
    checkpoint 12 (step 110/200): hold_course -- 38.9s
  [done] s07_overtaking_os_gives_way__v3_rag_cot.json  outcome=reached_goal  steps=112  checkpoints=12
  composite=0.927 verdict=PASS (575.6s)
[70/112] s07_overtaking_os_gives_way / v4_pg
    checkpoint 1 (step 0/200): hold_course -- 16.3s
    checkpoint 2 (step 10/200): hold_course -- 18.4s
    checkpoint 3 (step 20/200): hold_course -- 13.7s
    checkpoint 4 (step 30/200): hold_course -- 10.1s
    checkpoint 5 (step 40/200): hold_course -- 9.5s
  [done] s07_overtaking_os_gives_way__v4_pg.json  outcome=collision  steps=46  checkpoints=5
  composite=0.000 verdict=FAIL -- collision occurred (68.2s)
[71/112] s07_overtaking_os_gives_way / v5_pg_incident
    checkpoint 1 (step 0/200): hold_course -- 9.4s
    checkpoint 2 (step 10/200): hold_course -- 12.1s
    checkpoint 3 (step 20/200): hold_course -- 10.1s
    checkpoint 4 (step 30/200): hold_course -- 10.3s
    checkpoint 5 (step 40/200): hold_course -- 11.5s
  [done] s07_overtaking_os_gives_way__v5_pg_incident.json  outcome=collision  steps=46  checkpoints=5
  composite=0.000 verdict=FAIL -- collision occurred (53.6s)
[72/112] s07_overtaking_os_gives_way / v6_pg_scenario
    checkpoint 1 (step 0/200): hold_course -- 9.6s
    checkpoint 2 (step 10/200): hold_course -- 11.2s
    checkpoint 3 (step 20/200): hold_course -- 12.3s
    checkpoint 4 (step 30/200): hold_course -- 10.1s
    checkpoint 5 (step 40/200): hold_course -- 10.0s
  [done] s07_overtaking_os_gives_way__v6_pg_scenario.json  outcome=collision  steps=46  checkpoints=5
  composite=0.000 verdict=FAIL -- collision occurred (53.4s)
[73/112] s08_overtaking_os_stands_on / bare_qwen
    checkpoint 1 (step 0/200): slow_down -- 11.0s
    checkpoint 2 (step 10/200): slow_down -- 8.4s
    checkpoint 3 (step 20/200): speed_up -- 7.7s
    checkpoint 4 (step 30/200): slow_down -- 8.7s
    checkpoint 5 (step 40/200): speed_up -- 8.8s
    checkpoint 6 (step 50/200): slow_down -- 9.1s
    checkpoint 7 (step 60/200): speed_up -- 9.6s
    checkpoint 8 (step 70/200): slow_down -- 10.2s
    checkpoint 9 (step 80/200): speed_up -- 9.2s
    checkpoint 10 (step 90/200): slow_down -- 10.3s
    checkpoint 11 (step 100/200): speed_up -- 9.0s
    checkpoint 12 (step 110/200): slow_down -- 8.8s
    checkpoint 13 (step 120/200): speed_up -- 9.1s
    checkpoint 14 (step 130/200): slow_down -- 8.7s
    checkpoint 15 (step 140/200): speed_up -- 9.6s
    checkpoint 16 (step 150/200): slow_down -- 8.0s
    checkpoint 17 (step 160/200): speed_up -- 8.8s
    checkpoint 18 (step 170/200): slow_down -- 8.5s
    checkpoint 19 (step 180/200): speed_up -- 8.5s
    checkpoint 20 (step 190/200): slow_down -- 7.9s
  [done] s08_overtaking_os_stands_on__bare_qwen.json  outcome=max_steps_reached  steps=199  checkpoints=20
  composite=0.000 verdict=FAIL -- collision occurred (180.3s)
[74/112] s08_overtaking_os_stands_on / v0_base
    checkpoint 1 (step 0/200): hold_course -- 10.8s
    checkpoint 2 (step 10/200): hold_course -- 10.4s
    checkpoint 3 (step 20/200): hold_course -- 9.7s
    checkpoint 4 (step 30/200): hold_course -- 10.7s
    checkpoint 5 (step 40/200): hold_course -- 13.1s
    checkpoint 6 (step 50/200): hold_course -- 13.3s
  [done] s08_overtaking_os_stands_on__v0_base.json  outcome=collision  steps=59  checkpoints=6
  composite=0.000 verdict=FAIL -- collision occurred (68.0s)
[75/112] s08_overtaking_os_stands_on / v1_rag
    checkpoint 1 (step 0/200): speed_up -- 17.1s
    checkpoint 2 (step 10/200): speed_up -- 8.9s
    checkpoint 3 (step 20/200): speed_up -- 9.1s
    checkpoint 4 (step 30/200): speed_up -- 9.1s
    checkpoint 5 (step 40/200): turn_left -- 11.8s
    checkpoint 6 (step 50/200): turn_left -- 19.8s
    checkpoint 7 (step 60/200): turn_left -- 10.2s
    checkpoint 8 (step 70/200): turn_left -- 17.2s
    checkpoint 9 (step 80/200): turn_left -- 9.9s
    checkpoint 10 (step 90/200): turn_left -- 17.7s
    checkpoint 11 (step 100/200): turn_left -- 9.3s
    checkpoint 12 (step 110/200): turn_left -- 15.8s
    checkpoint 13 (step 120/200): turn_left -- 10.9s
    checkpoint 14 (step 130/200): turn_left -- 16.9s
    checkpoint 15 (step 140/200): turn_left -- 10.9s
    checkpoint 16 (step 150/200): hold_course -- 14.3s
    checkpoint 17 (step 160/200): turn_left -- 16.1s
    checkpoint 18 (step 170/200): speed_up -- 8.8s
    checkpoint 19 (step 180/200): turn_left -- 9.5s
    checkpoint 20 (step 190/200): turn_right -- 10.3s
  [done] s08_overtaking_os_stands_on__v1_rag.json  outcome=max_steps_reached  steps=199  checkpoints=20
  composite=0.000 verdict=FAIL -- collision occurred (253.8s)
[76/112] s08_overtaking_os_stands_on / v2_cot
    checkpoint 1 (step 0/200): hold_course -- 186.3s
    checkpoint 2 (step 10/200): turn_right -- 30.8s
    checkpoint 3 (step 20/200): turn_right -- 148.5s
    checkpoint 4 (step 30/200): turn_right -- 161.3s
    checkpoint 5 (step 40/200): turn_left -- 168.4s
    checkpoint 6 (step 50/200): hold_course -- 107.0s
    checkpoint 7 (step 60/200): hold_course -- 76.0s
    checkpoint 8 (step 70/200): hold_course -- 141.4s
    checkpoint 9 (step 80/200): hold_course -- 129.1s
    checkpoint 10 (step 90/200): hold_course -- 40.5s
    checkpoint 11 (step 100/200): hold_course -- 25.1s
  [done] s08_overtaking_os_stands_on__v2_cot.json  outcome=reached_goal  steps=101  checkpoints=11
  composite=0.883 verdict=PASS (1214.5s)
[77/112] s08_overtaking_os_stands_on / v3_rag_cot
    checkpoint 1 (step 0/200): slow_down -- 52.1s
    checkpoint 2 (step 10/200): slow_down -- 33.3s
    checkpoint 3 (step 20/200): hold_course -- 225.7s
    checkpoint 4 (step 30/200): hold_course -- 225.5s
    checkpoint 5 (step 40/200): hold_course -- 226.8s
    checkpoint 6 (step 50/200): hold_course -- 225.5s
    checkpoint 7 (step 60/200): hold_course -- 234.1s
    checkpoint 8 (step 70/200): hold_course -- 232.0s
    checkpoint 9 (step 80/200): hold_course -- 232.0s
    checkpoint 10 (step 90/200): hold_course -- 233.9s
    checkpoint 11 (step 100/200): hold_course -- 247.3s
    checkpoint 12 (step 110/200): hold_course -- 264.6s
    checkpoint 13 (step 120/200): hold_course -- 310.2s
    checkpoint 14 (step 130/200): hold_course -- 347.1s
    checkpoint 15 (step 140/200): hold_course -- 269.1s
    checkpoint 16 (step 150/200): hold_course -- 232.5s
    checkpoint 17 (step 160/200): hold_course -- 267.7s
    checkpoint 18 (step 170/200): hold_course -- 262.9s
    checkpoint 19 (step 180/200): hold_course -- 281.0s
    checkpoint 20 (step 190/200): hold_course -- 312.3s
  [done] s08_overtaking_os_stands_on__v3_rag_cot.json  outcome=max_steps_reached  steps=199  checkpoints=20
  composite=0.000 verdict=FAIL -- collision occurred (4716.0s)
[78/112] s08_overtaking_os_stands_on / v4_pg
    checkpoint 1 (step 0/200): hold_course -- 41.3s
    checkpoint 2 (step 10/200): hold_course -- 25.3s
    checkpoint 3 (step 20/200): hold_course -- 10.9s
    checkpoint 4 (step 30/200): hold_course -- 11.7s
    checkpoint 5 (step 40/200): hold_course -- 12.9s
    checkpoint 6 (step 50/200): hold_course -- 12.7s
  [done] s08_overtaking_os_stands_on__v4_pg.json  outcome=collision  steps=59  checkpoints=6
  composite=0.000 verdict=FAIL -- collision occurred (114.8s)
[79/112] s08_overtaking_os_stands_on / v5_pg_incident
    checkpoint 1 (step 0/200): hold_course -- 8.7s
    checkpoint 2 (step 10/200): hold_course -- 9.1s
    checkpoint 3 (step 20/200): hold_course -- 9.3s
    checkpoint 4 (step 30/200): hold_course -- 7.5s
    checkpoint 5 (step 40/200): hold_course -- 9.6s
    checkpoint 6 (step 50/200): hold_course -- 9.9s
  [done] s08_overtaking_os_stands_on__v5_pg_incident.json  outcome=collision  steps=59  checkpoints=6
  composite=0.000 verdict=FAIL -- collision occurred (54.3s)
[80/112] s08_overtaking_os_stands_on / v6_pg_scenario
    checkpoint 1 (step 0/200): hold_course -- 11.0s
    checkpoint 2 (step 10/200): hold_course -- 13.2s
    checkpoint 3 (step 20/200): hold_course -- 12.2s
    checkpoint 4 (step 30/200): hold_course -- 10.4s
    checkpoint 5 (step 40/200): hold_course -- 10.8s
    checkpoint 6 (step 50/200): hold_course -- 18.0s
  [done] s08_overtaking_os_stands_on__v6_pg_scenario.json  outcome=collision  steps=59  checkpoints=6
  composite=0.000 verdict=FAIL -- collision occurred (75.7s)
[81/112] s09_double_crossing_squeeze / bare_qwen
    checkpoint 1 (step 0/200): hold_course -- 11.7s
    checkpoint 2 (step 10/200): hold_course -- 10.5s
    checkpoint 3 (step 20/200): hold_course -- 11.8s
  [done] s09_double_crossing_squeeze__bare_qwen.json  outcome=collision  steps=29  checkpoints=3
  composite=0.000 verdict=FAIL -- collision occurred (34.1s)
[82/112] s09_double_crossing_squeeze / v0_base
    checkpoint 1 (step 0/200): hold_course -- 12.6s
    checkpoint 2 (step 10/200): hold_course -- 13.9s
    checkpoint 3 (step 20/200): hold_course -- 14.0s
  [done] s09_double_crossing_squeeze__v0_base.json  outcome=collision  steps=29  checkpoints=3
  composite=0.000 verdict=FAIL -- collision occurred (40.6s)
[83/112] s09_double_crossing_squeeze / v1_rag
    checkpoint 1 (step 0/200): hold_course -- 13.6s
    checkpoint 2 (step 10/200): hold_course -- 18.4s
    checkpoint 3 (step 20/200): hold_course -- 12.9s
  [done] s09_double_crossing_squeeze__v1_rag.json  outcome=collision  steps=29  checkpoints=3
  composite=0.000 verdict=FAIL -- collision occurred (44.9s)
[84/112] s09_double_crossing_squeeze / v2_cot
    checkpoint 1 (step 0/200): turn_right -- 145.8s
    checkpoint 2 (step 10/200): hold_course -- 323.1s
    checkpoint 3 (step 20/200): hold_course -- 326.3s
    checkpoint 4 (step 30/200): turn_right -- 288.4s
    checkpoint 5 (step 40/200): turn_left -- 44.5s
    checkpoint 6 (step 50/200): hold_course -- 77.2s
    checkpoint 7 (step 60/200): hold_course -- 125.3s
    checkpoint 8 (step 70/200): hold_course -- 57.4s
    checkpoint 9 (step 80/200): hold_course -- 51.3s
    checkpoint 10 (step 90/200): hold_course -- 62.1s
    checkpoint 11 (step 100/200): hold_course -- 83.8s
    checkpoint 12 (step 110/200): hold_course -- 64.0s
    checkpoint 13 (step 120/200): hold_course -- 28.0s
  [done] s09_double_crossing_squeeze__v2_cot.json  outcome=reached_goal  steps=123  checkpoints=13
  composite=0.854 verdict=PASS (1677.5s)
[85/112] s09_double_crossing_squeeze / v3_rag_cot
    checkpoint 1 (step 0/200): hold_course -- 252.1s
    checkpoint 2 (step 10/200): hold_course -- 283.8s
    checkpoint 3 (step 20/200): turn_left -- 191.1s
    checkpoint 4 (step 30/200): turn_right -- 1050.7s
    checkpoint 5 (step 40/200): hold_course -- 61.2s
    checkpoint 6 (step 50/200): turn_right -- 212.6s
    checkpoint 7 (step 60/200): turn_left -- 45.0s
    checkpoint 8 (step 70/200): hold_course -- 52.8s
    checkpoint 9 (step 80/200): hold_course -- 48.6s
    checkpoint 10 (step 90/200): hold_course -- 36.8s
  [done] s09_double_crossing_squeeze__v3_rag_cot.json  outcome=reached_goal  steps=96  checkpoints=10
  composite=0.899 verdict=PASS (2235.0s)
[86/112] s09_double_crossing_squeeze / v4_pg
    checkpoint 1 (step 0/200): hold_course -- 9.7s
    checkpoint 2 (step 10/200): hold_course -- 12.5s
    checkpoint 3 (step 20/200): hold_course -- 12.0s
  [done] s09_double_crossing_squeeze__v4_pg.json  outcome=collision  steps=29  checkpoints=3
  composite=0.000 verdict=FAIL -- collision occurred (34.2s)
[87/112] s09_double_crossing_squeeze / v5_pg_incident
    checkpoint 1 (step 0/200): hold_course -- 9.6s
    checkpoint 2 (step 10/200): hold_course -- 9.8s
    checkpoint 3 (step 20/200): hold_course -- 11.2s
  [done] s09_double_crossing_squeeze__v5_pg_incident.json  outcome=collision  steps=29  checkpoints=3
  composite=0.000 verdict=FAIL -- collision occurred (30.7s)
[88/112] s09_double_crossing_squeeze / v6_pg_scenario
    checkpoint 1 (step 0/200): hold_course -- 10.5s
    checkpoint 2 (step 10/200): hold_course -- 10.7s
    checkpoint 3 (step 20/200): hold_course -- 10.6s
  [done] s09_double_crossing_squeeze__v6_pg_scenario.json  outcome=collision  steps=29  checkpoints=3
  composite=0.000 verdict=FAIL -- collision occurred (31.8s)
[89/112] s10_headon_plus_crossing / bare_qwen
    checkpoint 1 (step 0/200): slow_down -- 9.7s
    checkpoint 2 (step 10/200): slow_down -- 12.2s
    checkpoint 3 (step 20/200): speed_up -- 18.4s
    checkpoint 4 (step 30/200): slow_down -- 12.0s
  [done] s10_headon_plus_crossing__bare_qwen.json  outcome=collision  steps=34  checkpoints=4
  composite=0.000 verdict=FAIL -- collision occurred (52.4s)
[90/112] s10_headon_plus_crossing / v0_base
    checkpoint 1 (step 0/200): slow_down -- 13.4s
    checkpoint 2 (step 10/200): speed_up -- 8.2s
    checkpoint 3 (step 20/200): hold_course -- 17.7s
  [done] s10_headon_plus_crossing__v0_base.json  outcome=collision  steps=26  checkpoints=3
  composite=0.000 verdict=FAIL -- collision occurred (39.4s)
[91/112] s10_headon_plus_crossing / v1_rag
    checkpoint 1 (step 0/200): hold_course -- 17.1s
    checkpoint 2 (step 10/200): hold_course -- 28.9s
    checkpoint 3 (step 20/200): hold_course -- 37.1s
  [done] s10_headon_plus_crossing__v1_rag.json  outcome=collision  steps=22  checkpoints=3
  composite=0.000 verdict=FAIL -- collision occurred (83.1s)
[92/112] s10_headon_plus_crossing / v2_cot
    checkpoint 1 (step 0/200): turn_right -- 70.4s
    checkpoint 2 (step 10/200): hold_course -- 233.2s
    checkpoint 3 (step 20/200): turn_left -- 201.8s
    checkpoint 4 (step 30/200): hold_course -- 348.6s
    checkpoint 5 (step 40/200): hold_course -- 336.9s
    checkpoint 6 (step 50/200): hold_course -- 109.0s
    checkpoint 7 (step 60/200): hold_course -- 37.6s
    checkpoint 8 (step 70/200): hold_course -- 57.4s
    checkpoint 9 (step 80/200): hold_course -- 64.6s
    checkpoint 10 (step 90/200): hold_course -- 106.4s
  [done] s10_headon_plus_crossing__v2_cot.json  outcome=reached_goal  steps=96  checkpoints=10
  composite=0.949 verdict=PASS (1566.1s)
[93/112] s10_headon_plus_crossing / v3_rag_cot
    checkpoint 1 (step 0/200): slow_down -- 44.4s
    checkpoint 2 (step 10/200): slow_down -- 56.3s
    checkpoint 3 (step 20/200): speed_up -- 183.1s
    checkpoint 4 (step 30/200): hold_course -- 368.6s
  [done] s10_headon_plus_crossing__v3_rag_cot.json  outcome=collision  steps=32  checkpoints=4
  composite=0.000 verdict=FAIL -- collision occurred (652.4s)
[94/112] s10_headon_plus_crossing / v4_pg
    checkpoint 1 (step 0/200): slow_down -- 23.7s
    checkpoint 2 (step 10/200): speed_up -- 12.7s
    checkpoint 3 (step 20/200): slow_down -- 22.7s
  [done] s10_headon_plus_crossing__v4_pg.json  outcome=collision  steps=30  checkpoints=3
  composite=0.000 verdict=FAIL -- collision occurred (59.2s)
[95/112] s10_headon_plus_crossing / v5_pg_incident
    checkpoint 1 (step 0/200): slow_down -- 34.3s
    checkpoint 2 (step 10/200): speed_up -- 10.7s
    checkpoint 3 (step 20/200): hold_course -- 11.7s
  [done] s10_headon_plus_crossing__v5_pg_incident.json  outcome=collision  steps=26  checkpoints=3
  composite=0.000 verdict=FAIL -- collision occurred (56.8s)
[96/112] s10_headon_plus_crossing / v6_pg_scenario
    checkpoint 1 (step 0/200): slow_down -- 13.6s
    checkpoint 2 (step 10/200): speed_up -- 13.7s
    checkpoint 3 (step 20/200): hold_course -- 19.5s
  [done] s10_headon_plus_crossing__v6_pg_scenario.json  outcome=collision  steps=26  checkpoints=3
  composite=0.000 verdict=FAIL -- collision occurred (46.9s)
[97/112] s11_overtake_plus_crossing / bare_qwen
    checkpoint 1 (step 0/200): slow_down -- 13.1s
    checkpoint 2 (step 10/200): slow_down -- 12.0s
    checkpoint 3 (step 20/200): speed_up -- 15.8s
    checkpoint 4 (step 30/200): slow_down -- 15.1s
    checkpoint 5 (step 40/200): speed_up -- 7.4s
    checkpoint 6 (step 50/200): slow_down -- 8.1s
    checkpoint 7 (step 60/200): speed_up -- 6.3s
    checkpoint 8 (step 70/200): slow_down -- 11.3s
    checkpoint 9 (step 80/200): speed_up -- 11.4s
    checkpoint 10 (step 90/200): slow_down -- 7.4s
    checkpoint 11 (step 100/200): speed_up -- 11.8s
    checkpoint 12 (step 110/200): slow_down -- 12.3s
    checkpoint 13 (step 120/200): speed_up -- 12.2s
    checkpoint 14 (step 130/200): slow_down -- 11.2s
    checkpoint 15 (step 140/200): speed_up -- 12.4s
    checkpoint 16 (step 150/200): slow_down -- 11.9s
    checkpoint 17 (step 160/200): speed_up -- 13.9s
    checkpoint 18 (step 170/200): hold_course -- 9.2s
    checkpoint 19 (step 180/200): slow_down -- 8.6s
    checkpoint 20 (step 190/200): speed_up -- 8.6s
  [done] s11_overtake_plus_crossing__bare_qwen.json  outcome=max_steps_reached  steps=199  checkpoints=20
  composite=0.200 verdict=FAIL -- did not reach the goal (220.4s)
[98/112] s11_overtake_plus_crossing / v0_base
    checkpoint 1 (step 0/200): hold_course -- 9.0s
    checkpoint 2 (step 10/200): hold_course -- 8.8s
    checkpoint 3 (step 20/200): hold_course -- 11.6s
    checkpoint 4 (step 30/200): hold_course -- 11.5s
    checkpoint 5 (step 40/200): hold_course -- 12.1s
  [done] s11_overtake_plus_crossing__v0_base.json  outcome=collision  steps=41  checkpoints=5
  composite=0.000 verdict=FAIL -- collision occurred (53.1s)
[99/112] s11_overtake_plus_crossing / v1_rag
    checkpoint 1 (step 0/200): slow_down -- 15.8s
    checkpoint 2 (step 10/200): speed_up -- 13.0s
    checkpoint 3 (step 20/200): hold_course -- 16.5s
    checkpoint 4 (step 30/200): hold_course -- 17.0s
    checkpoint 5 (step 40/200): hold_course -- 10.2s
    checkpoint 6 (step 50/200): hold_course -- 13.3s
  [done] s11_overtake_plus_crossing__v1_rag.json  outcome=collision  steps=60  checkpoints=6
  composite=0.000 verdict=FAIL -- collision occurred (85.9s)
[100/112] s11_overtake_plus_crossing / v2_cot
    checkpoint 1 (step 0/200): hold_course -- 224.8s
    checkpoint 2 (step 10/200): slow_down -- 106.4s
    checkpoint 3 (step 20/200): speed_up -- 46.5s
    checkpoint 4 (step 30/200): turn_right -- 197.5s
    checkpoint 5 (step 40/200): turn_left -- 100.2s
    checkpoint 6 (step 50/200): hold_course -- 253.5s
    checkpoint 7 (step 60/200): hold_course -- 80.2s
    checkpoint 8 (step 70/200): hold_course -- 48.2s
    checkpoint 9 (step 80/200): hold_course -- 42.5s
    checkpoint 10 (step 90/200): hold_course -- 71.0s
    checkpoint 11 (step 100/200): hold_course -- 56.9s
  [done] s11_overtake_plus_crossing__v2_cot.json  outcome=reached_goal  steps=104  checkpoints=11
  composite=0.937 verdict=PASS (1228.0s)
[101/112] s11_overtake_plus_crossing / v3_rag_cot
    checkpoint 1 (step 0/200): slow_down -- 32.2s
    checkpoint 2 (step 10/200): speed_up -- 86.1s
    checkpoint 3 (step 20/200): turn_right -- 67.6s
    checkpoint 4 (step 30/200): hold_course -- 1274.1s
    checkpoint 5 (step 40/200): turn_left -- 47.3s
    checkpoint 6 (step 50/200): hold_course -- 76.1s
    checkpoint 7 (step 60/200): hold_course -- 80.8s
    checkpoint 8 (step 70/200): hold_course -- 88.1s
    checkpoint 9 (step 80/200): hold_course -- 91.5s
    checkpoint 10 (step 90/200): hold_course -- 67.6s
