[1/112] q01_quiet_long_tcpa / bare_qwen
  [skip] q01_quiet_long_tcpa__bare_qwen.json already exists (use --force to overwrite)
  composite=0.945 verdict=PASS (0.1s)
[2/112] q01_quiet_long_tcpa / v0_base
  [skip] q01_quiet_long_tcpa__v0_base.json already exists (use --force to overwrite)
  composite=0.997 verdict=PASS (0.0s)
[3/112] q01_quiet_long_tcpa / v1_rag
  [skip] q01_quiet_long_tcpa__v1_rag.json already exists (use --force to overwrite)
  composite=0.997 verdict=PASS (0.0s)
[4/112] q01_quiet_long_tcpa / v2_cot
  [skip] q01_quiet_long_tcpa__v2_cot.json already exists (use --force to overwrite)
  composite=0.200 verdict=FAIL -- did not reach the goal (0.1s)
[5/112] q01_quiet_long_tcpa / v3_rag_cot
  [skip] q01_quiet_long_tcpa__v3_rag_cot.json already exists (use --force to overwrite)
  composite=1.000 verdict=PASS (0.1s)
[6/112] q01_quiet_long_tcpa / v4_pg
    checkpoint 1 (step 0/200): turn_right -- 26.7s
    checkpoint 2 (step 10/200): hold_course -- 7.2s
    checkpoint 3 (step 20/200): hold_course -- 5.3s
    checkpoint 4 (step 30/200): hold_course -- 6.9s
    checkpoint 5 (step 40/200): hold_course -- 8.4s
    checkpoint 6 (step 50/200): hold_course -- 6.9s
    checkpoint 7 (step 60/200): hold_course -- 6.0s
    checkpoint 8 (step 70/200): hold_course -- 6.9s
    checkpoint 9 (step 80/200): hold_course -- 10.5s
    checkpoint 10 (step 90/200): hold_course -- 20.5s
    checkpoint 11 (step 100/200): hold_course -- 14.2s
    checkpoint 12 (step 110/200): hold_course -- 12.2s
    checkpoint 13 (step 120/200): hold_course -- 10.3s
    checkpoint 14 (step 130/200): hold_course -- 11.2s
    checkpoint 15 (step 140/200): hold_course -- 10.5s
    checkpoint 16 (step 150/200): hold_course -- 12.0s
    checkpoint 17 (step 160/200): hold_course -- 8.6s
    checkpoint 18 (step 170/200): hold_course -- 12.5s
    checkpoint 19 (step 180/200): hold_course -- 11.4s
    checkpoint 20 (step 190/200): hold_course -- 7.2s
  [done] q01_quiet_long_tcpa__v4_pg.json  outcome=max_steps_reached  steps=199  checkpoints=20
  composite=0.200 verdict=FAIL -- did not reach the goal (216.0s)
[7/112] q01_quiet_long_tcpa / v5_pg_incident
    checkpoint 1 (step 0/200): speed_up -- 9.9s
    checkpoint 2 (step 10/200): speed_up -- 8.2s
    checkpoint 3 (step 20/200): speed_up -- 10.9s
    checkpoint 4 (step 30/200): speed_up -- 9.1s
    checkpoint 5 (step 40/200): speed_up -- 10.1s
  [done] q01_quiet_long_tcpa__v5_pg_incident.json  outcome=reached_goal  steps=48  checkpoints=5
  composite=0.997 verdict=PASS (48.3s)
[8/112] q01_quiet_long_tcpa / v6_pg_scenario
    checkpoint 1 (step 0/200): speed_up -- 9.8s
    checkpoint 2 (step 10/200): speed_up -- 6.8s
    checkpoint 3 (step 20/200): speed_up -- 10.6s
    checkpoint 4 (step 30/200): speed_up -- 10.1s
    checkpoint 5 (step 40/200): speed_up -- 8.8s
  [done] q01_quiet_long_tcpa__v6_pg_scenario.json  outcome=reached_goal  steps=48  checkpoints=5
  composite=0.997 verdict=PASS (46.2s)
[9/112] q02_quiet_wide_cpa / bare_qwen
    checkpoint 1 (step 0/200): turn_left -- 7.7s
    checkpoint 2 (step 10/200): turn_right -- 9.5s
    checkpoint 3 (step 20/200): turn_right -- 8.0s
    checkpoint 4 (step 30/200): turn_right -- 10.6s
    checkpoint 5 (step 40/200): turn_left -- 8.6s
    checkpoint 6 (step 50/200): turn_right -- 10.6s
    checkpoint 7 (step 60/200): turn_left -- 8.1s
    checkpoint 8 (step 70/200): turn_right -- 11.4s
    checkpoint 9 (step 80/200): turn_left -- 9.7s
    checkpoint 10 (step 90/200): turn_right -- 4.4s
    checkpoint 11 (step 100/200): turn_left -- 4.2s
    checkpoint 12 (step 110/200): turn_left -- 5.3s
  [done] q02_quiet_wide_cpa__bare_qwen.json  outcome=reached_goal  steps=117  checkpoints=12
  composite=0.787 verdict=PASS (98.4s)
[10/112] q02_quiet_wide_cpa / v0_base
    checkpoint 1 (step 0/200): turn_right -- 7.4s
    checkpoint 2 (step 10/200): hold_course -- 5.6s
    checkpoint 3 (step 20/200): hold_course -- 8.3s
    checkpoint 4 (step 30/200): hold_course -- 11.3s
    checkpoint 5 (step 40/200): speed_up -- 9.1s
    checkpoint 6 (step 50/200): speed_up -- 12.3s
    checkpoint 7 (step 60/200): speed_up -- 9.2s
    checkpoint 8 (step 70/200): speed_up -- 11.4s
    checkpoint 9 (step 80/200): speed_up -- 8.3s
    checkpoint 10 (step 90/200): speed_up -- 11.3s
    checkpoint 11 (step 100/200): speed_up -- 9.2s
    checkpoint 12 (step 110/200): speed_up -- 10.8s
    checkpoint 13 (step 120/200): speed_up -- 14.0s
    checkpoint 14 (step 130/200): slow_down -- 18.3s
    checkpoint 15 (step 140/200): speed_up -- 15.4s
    checkpoint 16 (step 150/200): slow_down -- 19.5s
    checkpoint 17 (step 160/200): speed_up -- 12.5s
    checkpoint 18 (step 170/200): speed_up -- 13.3s
    checkpoint 19 (step 180/200): speed_up -- 10.6s
    checkpoint 20 (step 190/200): speed_up -- 11.7s
  [done] q02_quiet_wide_cpa__v0_base.json  outcome=max_steps_reached  steps=199  checkpoints=20
  composite=0.200 verdict=FAIL -- did not reach the goal (245.2s)
[11/112] q02_quiet_wide_cpa / v1_rag
    checkpoint 1 (step 0/200): speed_up -- 16.5s
    checkpoint 2 (step 10/200): slow_down -- 30.3s
    checkpoint 3 (step 20/200): turn_right -- 235.1s
    checkpoint 4 (step 30/200): hold_course -- 15.9s
    checkpoint 5 (step 40/200): hold_course -- 15.6s
    checkpoint 6 (step 50/200): hold_course -- 204.2s
    checkpoint 7 (step 60/200): hold_course -- 15.3s
    checkpoint 8 (step 70/200): hold_course -- 11.4s
    checkpoint 9 (step 80/200): hold_course -- 15.4s
    checkpoint 10 (step 90/200): hold_course -- 18.7s
    checkpoint 11 (step 100/200): hold_course -- 24.2s
    checkpoint 12 (step 110/200): hold_course -- 18.5s
    checkpoint 13 (step 120/200): hold_course -- 15.9s
    checkpoint 14 (step 130/200): hold_course -- 22.4s
    checkpoint 15 (step 140/200): hold_course -- 15.9s
    checkpoint 16 (step 150/200): hold_course -- 18.7s
    checkpoint 17 (step 160/200): hold_course -- 14.7s
    checkpoint 18 (step 170/200): hold_course -- 16.0s
    checkpoint 19 (step 180/200): hold_course -- 16.2s
    checkpoint 20 (step 190/200): hold_course -- 15.8s
  [done] q02_quiet_wide_cpa__v1_rag.json  outcome=max_steps_reached  steps=199  checkpoints=20
  composite=0.200 verdict=FAIL -- did not reach the goal (757.1s)
[12/112] q02_quiet_wide_cpa / v2_cot
    checkpoint 1 (step 0/200): hold_course -- 276.6s
    checkpoint 2 (step 10/200): turn_right -- 245.7s
    checkpoint 3 (step 20/200): turn_right -- 143.1s
    checkpoint 4 (step 30/200): hold_course -- 204.8s
    checkpoint 5 (step 40/200): hold_course -- 257.8s
    checkpoint 6 (step 50/200): turn_left -- 245.2s
